Archive member included to satisfy reference by file (symbol)

c:/st/stm32cubeide_1.6.1/stm32cubeide/plugins/com.st.stm32cube.ide.mcu.externaltools.gnu-tools-for-stm32.9-2020-q2-update.win32_2.0.0.202105311346/tools/bin/../lib/gcc/arm-none-eabi/9.3.1/../../../../arm-none-eabi/lib/thumb/v6-m/nofp\libc_nano.a(lib_a-errno.o)
                              ./Core/Src/syscalls.o (__errno)
c:/st/stm32cubeide_1.6.1/stm32cubeide/plugins/com.st.stm32cube.ide.mcu.externaltools.gnu-tools-for-stm32.9-2020-q2-update.win32_2.0.0.202105311346/tools/bin/../lib/gcc/arm-none-eabi/9.3.1/../../../../arm-none-eabi/lib/thumb/v6-m/nofp\libc_nano.a(lib_a-exit.o)
                              c:/st/stm32cubeide_1.6.1/stm32cubeide/plugins/com.st.stm32cube.ide.mcu.externaltools.gnu-tools-for-stm32.9-2020-q2-update.win32_2.0.0.202105311346/tools/bin/../lib/gcc/arm-none-eabi/9.3.1/../../../../arm-none-eabi/lib/thumb/v6-m/nofp/crt0.o (exit)
c:/st/stm32cubeide_1.6.1/stm32cubeide/plugins/com.st.stm32cube.ide.mcu.externaltools.gnu-tools-for-stm32.9-2020-q2-update.win32_2.0.0.202105311346/tools/bin/../lib/gcc/arm-none-eabi/9.3.1/../../../../arm-none-eabi/lib/thumb/v6-m/nofp\libc_nano.a(lib_a-findfp.o)
                              ./Middlewares/FreeRTOS/tasks.o (__sf_fake_stderr)
c:/st/stm32cubeide_1.6.1/stm32cubeide/plugins/com.st.stm32cube.ide.mcu.externaltools.gnu-tools-for-stm32.9-2020-q2-update.win32_2.0.0.202105311346/tools/bin/../lib/gcc/arm-none-eabi/9.3.1/../../../../arm-none-eabi/lib/thumb/v6-m/nofp\libc_nano.a(lib_a-fwalk.o)
                              c:/st/stm32cubeide_1.6.1/stm32cubeide/plugins/com.st.stm32cube.ide.mcu.externaltools.gnu-tools-for-stm32.9-2020-q2-update.win32_2.0.0.202105311346/tools/bin/../lib/gcc/arm-none-eabi/9.3.1/../../../../arm-none-eabi/lib/thumb/v6-m/nofp\libc_nano.a(lib_a-findfp.o) (_fwalk)
c:/st/stm32cubeide_1.6.1/stm32cubeide/plugins/com.st.stm32cube.ide.mcu.externaltools.gnu-tools-for-stm32.9-2020-q2-update.win32_2.0.0.202105311346/tools/bin/../lib/gcc/arm-none-eabi/9.3.1/../../../../arm-none-eabi/lib/thumb/v6-m/nofp\libc_nano.a(lib_a-impure.o)
                              c:/st/stm32cubeide_1.6.1/stm32cubeide/plugins/com.st.stm32cube.ide.mcu.externaltools.gnu-tools-for-stm32.9-2020-q2-update.win32_2.0.0.202105311346/tools/bin/../lib/gcc/arm-none-eabi/9.3.1/../../../../arm-none-eabi/lib/thumb/v6-m/nofp\libc_nano.a(lib_a-exit.o) (_global_impure_ptr)
c:/st/stm32cubeide_1.6.1/stm32cubeide/plugins/com.st.stm32cube.ide.mcu.externaltools.gnu-tools-for-stm32.9-2020-q2-update.win32_2.0.0.202105311346/tools/bin/../lib/gcc/arm-none-eabi/9.3.1/../../../../arm-none-eabi/lib/thumb/v6-m/nofp\libc_nano.a(lib_a-init.o)
                              c:/st/stm32cubeide_1.6.1/stm32cubeide/plugins/com.st.stm32cube.ide.mcu.externaltools.gnu-tools-for-stm32.9-2020-q2-update.win32_2.0.0.202105311346/tools/bin/../lib/gcc/arm-none-eabi/9.3.1/../../../../arm-none-eabi/lib/thumb/v6-m/nofp/crt0.o (__libc_init_array)
c:/st/stm32cubeide_1.6.1/stm32cubeide/plugins/com.st.stm32cube.ide.mcu.externaltools.gnu-tools-for-stm32.9-2020-q2-update.win32_2.0.0.202105311346/tools/bin/../lib/gcc/arm-none-eabi/9.3.1/../../../../arm-none-eabi/lib/thumb/v6-m/nofp\libc_nano.a(lib_a-lock.o)
                              c:/st/stm32cubeide_1.6.1/stm32cubeide/plugins/com.st.stm32cube.ide.mcu.externaltools.gnu-tools-for-stm32.9-2020-q2-update.win32_2.0.0.202105311346/tools/bin/../lib/gcc/arm-none-eabi/9.3.1/../../../../arm-none-eabi/lib/thumb/v6-m/nofp\libc_nano.a(lib_a-findfp.o) (__retarget_lock_init_recursive)
c:/st/stm32cubeide_1.6.1/stm32cubeide/plugins/com.st.stm32cube.ide.mcu.externaltools.gnu-tools-for-stm32.9-2020-q2-update.win32_2.0.0.202105311346/tools/bin/../lib/gcc/arm-none-eabi/9.3.1/../../../../arm-none-eabi/lib/thumb/v6-m/nofp\libc_nano.a(lib_a-memcpy-stub.o)
                              ./Middlewares/FreeRTOS/cmsis_os2.o (memcpy)
c:/st/stm32cubeide_1.6.1/stm32cubeide/plugins/com.st.stm32cube.ide.mcu.externaltools.gnu-tools-for-stm32.9-2020-q2-update.win32_2.0.0.202105311346/tools/bin/../lib/gcc/arm-none-eabi/9.3.1/../../../../arm-none-eabi/lib/thumb/v6-m/nofp\libc_nano.a(lib_a-memset.o)
                              c:/st/stm32cubeide_1.6.1/stm32cubeide/plugins/com.st.stm32cube.ide.mcu.externaltools.gnu-tools-for-stm32.9-2020-q2-update.win32_2.0.0.202105311346/tools/bin/../lib/gcc/arm-none-eabi/9.3.1/../../../../arm-none-eabi/lib/thumb/v6-m/nofp/crt0.o (memset)
c:/st/stm32cubeide_1.6.1/stm32cubeide/plugins/com.st.stm32cube.ide.mcu.externaltools.gnu-tools-for-stm32.9-2020-q2-update.win32_2.0.0.202105311346/tools/bin/../lib/gcc/arm-none-eabi/9.3.1/../../../../arm-none-eabi/lib/thumb/v6-m/nofp\libc_nano.a(lib_a-nano-mallocr.o)
                              c:/st/stm32cubeide_1.6.1/stm32cubeide/plugins/com.st.stm32cube.ide.mcu.externaltools.gnu-tools-for-stm32.9-2020-q2-update.win32_2.0.0.202105311346/tools/bin/../lib/gcc/arm-none-eabi/9.3.1/../../../../arm-none-eabi/lib/thumb/v6-m/nofp\libc_nano.a(lib_a-findfp.o) (_malloc_r)
[...]
Memory Configuration

Name             Origin             Length             Attributes
RAM              0x0000000020000000 0x0000000000002000 xrw
FLASH            0x0000000008000000 0x0000000000010000 xr
*default*        0x0000000000000000 0xffffffffffffffff

Linker script and memory map

LOAD c:/st/stm32cubeide_1.6.1/stm32cubeide/plugins/com.st.stm32cube.ide.mcu.externaltools.gnu-tools-for-stm32.9-2020-q2-update.win32_2.0.0.202105311346/tools/bin/../lib/gcc/arm-none-eabi/9.3.1/thumb/v6-m/nofp/crti.o
LOAD c:/st/stm32cubeide_1.6.1/stm32cubeide/plugins/com.st.stm32cube.ide.mcu.externaltools.gnu-tools-for-stm32.9-2020-q2-update.win32_2.0.0.202105311346/tools/bin/../lib/gcc/arm-none-eabi/9.3.1/thumb/v6-m/nofp/crtbegin.o
LOAD c:/st/stm32cubeide_1.6.1/stm32cubeide/plugins/com.st.stm32cube.ide.mcu.externaltools.gnu-tools-for-stm32.9-2020-q2-update.win32_2.0.0.202105311346/tools/bin/../lib/gcc/arm-none-eabi/9.3.1/../../../../arm-none-eabi/lib/thumb/v6-m/nofp/crt0.o
LOAD ./Core/Src/app_freertos.o
LOAD ./Core/Src/main.o
LOAD ./Core/Src/stm32g0xx_hal_msp.o
LOAD ./Core/Src/stm32g0xx_hal_timebase_tim.o
LOAD ./Core/Src/stm32g0xx_it.o
LOAD ./Core/Src/syscalls.o
LOAD ./Core/Src/sysmem.o
LOAD ./Core/Src/system_stm32g0xx.o
LOAD ./Core/Startup/startup_stm32g041k8ux.o
LOAD ./Drivers/STM32G0xx_HAL_Driver/stm32g0xx_hal.o
LOAD ./Drivers/STM32G0xx_HAL_Driver/stm32g0xx_hal_adc.o
LOAD ./Drivers/STM32G0xx_HAL_Driver/stm32g0xx_hal_adc_ex.o
LOAD ./Drivers/STM32G0xx_HAL_Driver/stm32g0xx_hal_cortex.o
LOAD ./Drivers/STM32G0xx_HAL_Driver/stm32g0xx_hal_dma.o
LOAD ./Drivers/STM32G0xx_HAL_Driver/stm32g0xx_hal_dma_ex.o
LOAD ./Drivers/STM32G0xx_HAL_Driver/stm32g0xx_hal_exti.o
LOAD ./Drivers/STM32G0xx_HAL_Driver/stm32g0xx_hal_flash.o
LOAD ./Drivers/STM32G0xx_HAL_Driver/stm32g0xx_hal_flash_ex.o
LOAD ./Drivers/STM32G0xx_HAL_Driver/stm32g0xx_hal_gpio.o
LOAD ./Drivers/STM32G0xx_HAL_Driver/stm32g0xx_hal_pwr.o
LOAD ./Drivers/STM32G0xx_HAL_Driver/stm32g0xx_hal_pwr_ex.o
LOAD ./Drivers/STM32G0xx_HAL_Driver/stm32g0xx_hal_rcc.o
LOAD ./Drivers/STM32G0xx_HAL_Driver/stm32g0xx_hal_rcc_ex.o
LOAD ./Drivers/STM32G0xx_HAL_Driver/stm32g0xx_hal_tim.o
LOAD ./Drivers/STM32G0xx_HAL_Driver/stm32g0xx_hal_tim_ex.o
LOAD ./Drivers/STM32G0xx_HAL_Driver/stm32g0xx_hal_uart.o
LOAD ./Drivers/STM32G0xx_HAL_Driver/stm32g0xx_hal_uart_ex.o
LOAD ./Drivers/STM32G0xx_HAL_Driver/stm32g0xx_ll_adc.o
LOAD ./Drivers/STM32G0xx_HAL_Driver/stm32g0xx_ll_dma.o
LOAD ./Drivers/STM32G0xx_HAL_Driver/stm32g0xx_ll_rcc.o
LOAD ./MODBUS-LIB/Src/Modbus.o
LOAD ./MODBUS-LIB/Src/UARTCallback.o
LOAD ./Middlewares/FreeRTOS/cmsis_os2.o
LOAD ./Middlewares/FreeRTOS/croutine.o
LOAD ./Middlewares/FreeRTOS/event_groups.o
LOAD ./Middlewares/FreeRTOS/heap_4.o
LOAD ./Middlewares/FreeRTOS/list.o
LOAD ./Middlewares/FreeRTOS/port.o
LOAD ./Middlewares/FreeRTOS/queue.o
LOAD ./Middlewares/FreeRTOS/stream_buffer.o
LOAD ./Middlewares/FreeRTOS/tasks.o
LOAD ./Middlewares/FreeRTOS/timers.o
START GROUP
LOAD c:/st/stm32cubeide_1.6.1/stm32cubeide/plugins/com.st.stm32cube.ide.mcu.externaltools.gnu-tools-for-stm32.9-2020-q2-update.win32_2.0.0.202105311346/tools/bin/../lib/gcc/arm-none-eabi/9.3.1/../../../../arm-none-eabi/lib/thumb/v6-m/nofp\libc_nano.a
LOAD c:/st/stm32cubeide_1.6.1/stm32cubeide/plugins/com.st.stm32cube.ide.mcu.externaltools.gnu-tools-for-stm32.9-2020-q2-update.win32_2.0.0.202105311346/tools/bin/../lib/gcc/arm-none-eabi/9.3.1/../../../../arm-none-eabi/lib/thumb/v6-m/nofp\libm.a
END GROUP
START GROUP
LOAD c:/st/stm32cubeide_1.6.1/stm32cubeide/plugins/com.st.stm32cube.ide.mcu.externaltools.gnu-tools-for-stm32.9-2020-q2-update.win32_2.0.0.202105311346/tools/bin/../lib/gcc/arm-none-eabi/9.3.1/thumb/v6-m/nofp\libgcc.a
LOAD c:/st/stm32cubeide_1.6.1/stm32cubeide/plugins/com.st.stm32cube.ide.mcu.externaltools.gnu-tools-for-stm32.9-2020-q2-update.win32_2.0.0.202105311346/tools/bin/../lib/gcc/arm-none-eabi/9.3.1/../../../../arm-none-eabi/lib/thumb/v6-m/nofp\libc_nano.a
END GROUP
START GROUP
LOAD c:/st/stm32cubeide_1.6.1/stm32cubeide/plugins/com.st.stm32cube.ide.mcu.externaltools.gnu-tools-for-stm32.9-2020-q2-update.win32_2.0.0.202105311346/tools/bin/../lib/gcc/arm-none-eabi/9.3.1/thumb/v6-m/nofp\libgcc.a
LOAD c:/st/stm32cubeide_1.6.1/stm32cubeide/plugins/com.st.stm32cube.ide.mcu.externaltools.gnu-tools-for-stm32.9-2020-q2-update.win32_2.0.0.202105311346/tools/bin/../lib/gcc/arm-none-eabi/9.3.1/../../../../arm-none-eabi/lib/thumb/v6-m/nofp\libc_nano.a
LOAD c:/st/stm32cubeide_1.6.1/stm32cubeide/plugins/com.st.stm32cube.ide.mcu.externaltools.gnu-tools-for-stm32.9-2020-q2-update.win32_2.0.0.202105311346/tools/bin/../lib/gcc/arm-none-eabi/9.3.1/../../../../arm-none-eabi/lib/thumb/v6-m/nofp\libnosys.a
END GROUP
START GROUP
LOAD c:/st/stm32cubeide_1.6.1/stm32cubeide/plugins/com.st.stm32cube.ide.mcu.externaltools.gnu-tools-for-stm32.9-2020-q2-update.win32_2.0.0.202105311346/tools/bin/../lib/gcc/arm-none-eabi/9.3.1/thumb/v6-m/nofp\libgcc.a
LOAD c:/st/stm32cubeide_1.6.1/stm32cubeide/plugins/com.st.stm32cube.ide.mcu.externaltools.gnu-tools-for-stm32.9-2020-q2-update.win32_2.0.0.202105311346/tools/bin/../lib/gcc/arm-none-eabi/9.3.1/../../../../arm-none-eabi/lib/thumb/v6-m/nofp\libc_nano.a
LOAD c:/st/stm32cubeide_1.6.1/stm32cubeide/plugins/com.st.stm32cube.ide.mcu.externaltools.gnu-tools-for-stm32.9-2020-q2-update.win32_2.0.0.202105311346/tools/bin/../lib/gcc/arm-none-eabi/9.3.1/../../../../arm-none-eabi/lib/thumb/v6-m/nofp\libnosys.a
END GROUP
LOAD c:/st/stm32cubeide_1.6.1/stm32cubeide/plugins/com.st.stm32cube.ide.mcu.externaltools.gnu-tools-for-stm32.9-2020-q2-update.win32_2.0.0.202105311346/tools/bin/../lib/gcc/arm-none-eabi/9.3.1/thumb/v6-m/nofp/crtend.o
LOAD c:/st/stm32cubeide_1.6.1/stm32cubeide/plugins/com.st.stm32cube.ide.mcu.externaltools.gnu-tools-for-stm32.9-2020-q2-update.win32_2.0.0.202105311346/tools/bin/../lib/gcc/arm-none-eabi/9.3.1/thumb/v6-m/nofp/crtn.o
                0x0000000020002000                _estack = (ORIGIN (RAM) + LENGTH (RAM))
                0x0000000000000200                _Min_Heap_Size = 0x200
                0x0000000000000400                _Min_Stack_Size = 0x400

.isr_vector     0x0000000008000000       0xc0
                0x0000000008000000                . = ALIGN (0x4)
 *(.isr_vector)
 .isr_vector    0x0000000008000000       0xc0 ./Core/Startup/startup_stm32g041k8ux.o
                0x0000000008000000                g_pfnVectors
                0x00000000080000c0                . = ALIGN (0x4)

.text           0x00000000080000c0     0x60e0
                0x00000000080000c0                . = ALIGN (0x4)
 *(.text)
 .text          0x00000000080000c0       0x48 c:/st/stm32cubeide_1.6.1/stm32cubeide/plugins/com.st.stm32cube.ide.mcu.externaltools.gnu-tools-for-stm32.9-2020-q2-update.win32_2.0.0.202105311346/tools/bin/../lib/gcc/arm-none-eabi/9.3.1/thumb/v6-m/nofp/crtbegin.o
 .text          0x0000000008000108       0x14 c:/st/stm32cubeide_1.6.1/stm32cubeide/plugins/com.st.stm32cube.ide.mcu.externaltools.gnu-tools-for-stm32.9-2020-q2-update.win32_2.0.0.202105311346/tools/bin/../lib/gcc/arm-none-eabi/9.3.1/thumb/v6-m/nofp\libgcc.a(_thumb1_case_sqi.o)
                0x0000000008000108                __gnu_thumb1_case_sqi
 .text          0x000000000800011c       0x14 c:/st/stm32cubeide_1.6.1/stm32cubeide/plugins/com.st.stm32cube.ide.mcu.externaltools.gnu-tools-for-stm32.9-2020-q2-update.win32_2.0.0.202105311346/tools/bin/../lib/gcc/arm-none-eabi/9.3.1/thumb/v6-m/nofp\libgcc.a(_thumb1_case_uqi.o)
                0x000000000800011c                __gnu_thumb1_case_uqi
 .text          0x0000000008000130       0x14 c:/st/stm32cubeide_1.6.1/stm32cubeide/plugins/com.st.stm32cube.ide.mcu.externaltools.gnu-tools-for-stm32.9-2020-q2-update.win32_2.0.0.202105311346/tools/bin/../lib/gcc/arm-none-eabi/9.3.1/thumb/v6-m/nofp\libgcc.a(_thumb1_case_shi.o)
                0x0000000008000130                __gnu_thumb1_case_shi
 .text          0x0000000008000144       0x14 c:/st/stm32cubeide_1.6.1/stm32cubeide/plugins/com.st.stm32cube.ide.mcu.externaltools.gnu-tools-for-stm32.9-2020-q2-update.win32_2.0.0.202105311346/tools/bin/../lib/gcc/arm-none-eabi/9.3.1/thumb/v6-m/nofp\libgcc.a(_thumb1_case_uhi.o)
                0x0000000008000144                __gnu_thumb1_case_uhi
 .text          0x0000000008000158      0x114 c:/st/stm32cubeide_1.6.1/stm32cubeide/plugins/com.st.stm32cube.ide.mcu.externaltools.gnu-tools-for-stm32.9-2020-q2-update.win32_2.0.0.202105311346/tools/bin/../lib/gcc/arm-none-eabi/9.3.1/thumb/v6-m/nofp\libgcc.a(_udivsi3.o)
                0x0000000008000158                __aeabi_uidiv
                0x0000000008000158                __udivsi3
                0x0000000008000264                __aeabi_uidivmod
 .text          0x000000000800026c      0x1d4 c:/st/stm32cubeide_1.6.1/stm32cubeide/plugins/com.st.stm32cube.ide.mcu.externaltools.gnu-tools-for-stm32.9-2020-q2-update.win32_2.0.0.202105311346/tools/bin/../lib/gcc/arm-none-eabi/9.3.1/thumb/v6-m/nofp\libgcc.a(_divsi3.o)
                0x000000000800026c                __divsi3
                0x000000000800026c                __aeabi_idiv
                0x0000000008000438                __aeabi_idivmod
 .text          0x0000000008000440        0x4 c:/st/stm32cubeide_1.6.1/stm32cubeide/plugins/com.st.stm32cube.ide.mcu.externaltools.gnu-tools-for-stm32.9-2020-q2-update.win32_2.0.0.202105311346/tools/bin/../lib/gcc/arm-none-eabi/9.3.1/thumb/v6-m/nofp\libgcc.a(_dvmd_tls.o)
                0x0000000008000440                __aeabi_idiv0
                0x0000000008000440                __aeabi_ldiv0
 .text          0x0000000008000444       0x40 c:/st/stm32cubeide_1.6.1/stm32cubeide/plugins/com.st.stm32cube.ide.mcu.externaltools.gnu-tools-for-stm32.9-2020-q2-update.win32_2.0.0.202105311346/tools/bin/../lib/gcc/arm-none-eabi/9.3.1/thumb/v6-m/nofp\libgcc.a(_aeabi_uldivmod.o)
                0x0000000008000444                __aeabi_uldivmod
 .text          0x0000000008000484      0x198 c:/st/stm32cubeide_1.6.1/stm32cubeide/plugins/com.st.stm32cube.ide.mcu.externaltools.gnu-tools-for-stm32.9-2020-q2-update.win32_2.0.0.202105311346/tools/bin/../lib/gcc/arm-none-eabi/9.3.1/thumb/v6-m/nofp\libgcc.a(_udivmoddi4.o)
                0x0000000008000484                __udivmoddi4
 .text          0x000000000800061c       0x18 c:/st/stm32cubeide_1.6.1/stm32cubeide/plugins/com.st.stm32cube.ide.mcu.externaltools.gnu-tools-for-stm32.9-2020-q2-update.win32_2.0.0.202105311346/tools/bin/../lib/gcc/arm-none-eabi/9.3.1/thumb/v6-m/nofp\libgcc.a(_clzdi2.o)
                0x000000000800061c                __clzdi2
 .text          0x0000000008000634       0x3c c:/st/stm32cubeide_1.6.1/stm32cubeide/plugins/com.st.stm32cube.ide.mcu.externaltools.gnu-tools-for-stm32.9-2020-q2-update.win32_2.0.0.202105311346/tools/bin/../lib/gcc/arm-none-eabi/9.3.1/thumb/v6-m/nofp\libgcc.a(_clzsi2.o)
                0x0000000008000634                __clzsi2
 *(.text*)
 .text.start_main_logic_loop
                0x0000000008000670        0xa ./Core/Src/main.o
                0x0000000008000670                start_main_logic_loop
 *fill*         0x000000000800067a        0x2 
 .text.SystemClock_Config
                0x000000000800067c       0xa0 ./Core/Src/main.o
                0x000000000800067c                SystemClock_Config
 .text.startup.main
                0x000000000800071c      0x324 ./Core/Src/main.o
                0x000000000800071c                main
 .text.HAL_TIM_PeriodElapsedCallback
                0x0000000008000a40       0x14 ./Core/Src/main.o
                0x0000000008000a40                HAL_TIM_PeriodElapsedCallback
 .text.Error_Handler
                0x0000000008000a54        0x4 ./Core/Src/main.o
                0x0000000008000a54                Error_Handler
 .text.HAL_MspInit
                0x0000000008000a58       0x38 ./Core/Src/stm32g0xx_hal_msp.o
                0x0000000008000a58                HAL_MspInit
 .text.HAL_ADC_MspInit
                0x0000000008000a90       0xc0 ./Core/Src/stm32g0xx_hal_msp.o
                0x0000000008000a90                HAL_ADC_MspInit
 .text.HAL_TIM_Base_MspInit
                0x0000000008000b50       0x2c ./Core/Src/stm32g0xx_hal_msp.o
                0x0000000008000b50                HAL_TIM_Base_MspInit
 .text.HAL_UART_MspInit
                0x0000000008000b7c       0x74 ./Core/Src/stm32g0xx_hal_msp.o
                0x0000000008000b7c                HAL_UART_MspInit
 .text.HAL_InitTick
                0x0000000008000bf0       0x7c ./Core/Src/stm32g0xx_hal_timebase_tim.o
                0x0000000008000bf0                HAL_InitTick
 .text.NMI_Handler
                0x0000000008000c6c        0x2 ./Core/Src/stm32g0xx_it.o
                0x0000000008000c6c                NMI_Handler
 .text.HardFault_Handler
                0x0000000008000c6e        0x2 ./Core/Src/stm32g0xx_it.o
                0x0000000008000c6e                HardFault_Handler
 .text.DMA1_Channel1_IRQHandler
                0x0000000008000c70       0x10 ./Core/Src/stm32g0xx_it.o
                0x0000000008000c70                DMA1_Channel1_IRQHandler
 .text.TIM1_BRK_UP_TRG_COM_IRQHandler
                0x0000000008000c80       0x10 ./Core/Src/stm32g0xx_it.o
                0x0000000008000c80                TIM1_BRK_UP_TRG_COM_IRQHandler
 .text.USART1_IRQHandler
                0x0000000008000c90       0x10 ./Core/Src/stm32g0xx_it.o
                0x0000000008000c90                USART1_IRQHandler
 .text.SystemInit
                0x0000000008000ca0        0x2 ./Core/Src/system_stm32g0xx.o
                0x0000000008000ca0                SystemInit
 *fill*         0x0000000008000ca2        0x2 
 .text.Reset_Handler
                0x0000000008000ca4       0x50 ./Core/Startup/startup_stm32g041k8ux.o
                0x0000000008000ca4                Reset_Handler
 .text.Default_Handler
                0x0000000008000cf4        0x2 ./Core/Startup/startup_stm32g041k8ux.o
                0x0000000008000cf4                TIM1_CC_IRQHandler
                0x0000000008000cf4                PVD_IRQHandler
                0x0000000008000cf4                I2C1_IRQHandler
                0x0000000008000cf4                LPTIM2_IRQHandler
                0x0000000008000cf4                RTC_TAMP_IRQHandler
                0x0000000008000cf4                SPI1_IRQHandler
                0x0000000008000cf4                DMA1_Ch4_5_DMAMUX1_OVR_IRQHandler
                0x0000000008000cf4                EXTI2_3_IRQHandler
                0x0000000008000cf4                ADC1_IRQHandler
                0x0000000008000cf4                I2C2_IRQHandler
                0x0000000008000cf4                TIM17_IRQHandler
                0x0000000008000cf4                TIM16_IRQHandler
                0x0000000008000cf4                TIM3_IRQHandler
                0x0000000008000cf4                EXTI4_15_IRQHandler
                0x0000000008000cf4                RCC_IRQHandler
                0x0000000008000cf4                Default_Handler
                0x0000000008000cf4                TIM14_IRQHandler
                0x0000000008000cf4                EXTI0_1_IRQHandler
                0x0000000008000cf4                SPI2_IRQHandler
                0x0000000008000cf4                AES_RNG_IRQHandler
                0x0000000008000cf4                WWDG_IRQHandler
                0x0000000008000cf4                LPUART1_IRQHandler
                0x0000000008000cf4                TIM2_IRQHandler
                0x0000000008000cf4                DMA1_Channel2_3_IRQHandler
                0x0000000008000cf4                USART2_IRQHandler
                0x0000000008000cf4                FLASH_IRQHandler
                0x0000000008000cf4                LPTIM1_IRQHandler
 *fill*         0x0000000008000cf6        0x2 
 .text.HAL_Init
                0x0000000008000cf8       0x28 ./Drivers/STM32G0xx_HAL_Driver/stm32g0xx_hal.o
                0x0000000008000cf8                HAL_Init
 .text.HAL_IncTick
                0x0000000008000d20       0x18 ./Drivers/STM32G0xx_HAL_Driver/stm32g0xx_hal.o
                0x0000000008000d20                HAL_IncTick
 .text.HAL_GetTick
                0x0000000008000d38        0xc ./Drivers/STM32G0xx_HAL_Driver/stm32g0xx_hal.o
                0x0000000008000d38                HAL_GetTick
 .text.LL_ADC_REG_IsConversionOngoing
                0x0000000008000d44        0x8 ./Drivers/STM32G0xx_HAL_Driver/stm32g0xx_hal_adc.o
 .text.HAL_ADC_Init
                0x0000000008000d4c      0x270 ./Drivers/STM32G0xx_HAL_Driver/stm32g0xx_hal_adc.o
                0x0000000008000d4c                HAL_ADC_Init
 .text.HAL_ADC_ConfigChannel
                0x0000000008000fbc      0x24c ./Drivers/STM32G0xx_HAL_Driver/stm32g0xx_hal_adc.o
                0x0000000008000fbc                HAL_ADC_ConfigChannel
 .text.ADC_Enable
                0x0000000008001208       0xb8 ./Drivers/STM32G0xx_HAL_Driver/stm32g0xx_hal_adc.o
                0x0000000008001208                ADC_Enable
 .text.HAL_ADC_Start
                0x00000000080012c0       0x5c ./Drivers/STM32G0xx_HAL_Driver/stm32g0xx_hal_adc.o
                0x00000000080012c0                HAL_ADC_Start
 .text.HAL_NVIC_SetPriority
                0x000000000800131c       0x54 ./Drivers/STM32G0xx_HAL_Driver/stm32g0xx_hal_cortex.o
                0x000000000800131c                HAL_NVIC_SetPriority
 .text.HAL_NVIC_EnableIRQ
                0x0000000008001370       0x18 ./Drivers/STM32G0xx_HAL_Driver/stm32g0xx_hal_cortex.o
                0x0000000008001370                HAL_NVIC_EnableIRQ
 .text.DMA_CalcDMAMUXChannelBaseAndMask
                0x0000000008001388       0x34 ./Drivers/STM32G0xx_HAL_Driver/stm32g0xx_hal_dma.o
 .text.HAL_DMA_Init
                0x00000000080013bc       0xbc ./Drivers/STM32G0xx_HAL_Driver/stm32g0xx_hal_dma.o
                0x00000000080013bc                HAL_DMA_Init
 .text.HAL_DMA_Abort
                0x0000000008001478       0x7c ./Drivers/STM32G0xx_HAL_Driver/stm32g0xx_hal_dma.o
                0x0000000008001478                HAL_DMA_Abort
 .text.HAL_DMA_Abort_IT
                0x00000000080014f4       0x78 ./Drivers/STM32G0xx_HAL_Driver/stm32g0xx_hal_dma.o
                0x00000000080014f4                HAL_DMA_Abort_IT
 .text.HAL_DMA_IRQHandler
                0x000000000800156c       0xa8 ./Drivers/STM32G0xx_HAL_Driver/stm32g0xx_hal_dma.o
                0x000000000800156c                HAL_DMA_IRQHandler
 .text.HAL_GPIO_Init
                0x0000000008001614      0x15c ./Drivers/STM32G0xx_HAL_Driver/stm32g0xx_hal_gpio.o
                0x0000000008001614                HAL_GPIO_Init
 .text.HAL_GPIO_WritePin
                0x0000000008001770        0xc ./Drivers/STM32G0xx_HAL_Driver/stm32g0xx_hal_gpio.o
                0x0000000008001770                HAL_GPIO_WritePin
 .text.HAL_PWREx_ControlVoltageScaling
                0x000000000800177c       0x58 ./Drivers/STM32G0xx_HAL_Driver/stm32g0xx_hal_pwr_ex.o
                0x000000000800177c                HAL_PWREx_ControlVoltageScaling
 .text.HAL_RCC_OscConfig
                0x00000000080017d4      0x44c ./Drivers/STM32G0xx_HAL_Driver/stm32g0xx_hal_rcc.o
                0x00000000080017d4                HAL_RCC_OscConfig
 .text.HAL_RCC_GetSysClockFreq
                0x0000000008001c20       0x88 ./Drivers/STM32G0xx_HAL_Driver/stm32g0xx_hal_rcc.o
                0x0000000008001c20                HAL_RCC_GetSysClockFreq
 .text.HAL_RCC_ClockConfig
                0x0000000008001ca8      0x15c ./Drivers/STM32G0xx_HAL_Driver/stm32g0xx_hal_rcc.o
                0x0000000008001ca8                HAL_RCC_ClockConfig
 .text.HAL_RCC_GetPCLK1Freq
                0x0000000008001e04       0x28 ./Drivers/STM32G0xx_HAL_Driver/stm32g0xx_hal_rcc.o
                0x0000000008001e04                HAL_RCC_GetPCLK1Freq
 .text.HAL_RCC_GetClockConfig
                0x0000000008001e2c       0x34 ./Drivers/STM32G0xx_HAL_Driver/stm32g0xx_hal_rcc.o
                0x0000000008001e2c                HAL_RCC_GetClockConfig
 .text.HAL_RCCEx_PeriphCLKConfig
                0x0000000008001e60      0x1ec ./Drivers/STM32G0xx_HAL_Driver/stm32g0xx_hal_rcc_ex.o
                0x0000000008001e60                HAL_RCCEx_PeriphCLKConfig
 .text.HAL_TIM_Base_Start_IT
                0x000000000800204c       0x60 ./Drivers/STM32G0xx_HAL_Driver/stm32g0xx_hal_tim.o
                0x000000000800204c                HAL_TIM_Base_Start_IT
 .text.HAL_TIM_OC_DelayElapsedCallback
                0x00000000080020ac        0x2 ./Drivers/STM32G0xx_HAL_Driver/stm32g0xx_hal_tim.o
                0x00000000080020ac                HAL_TIM_OC_DelayElapsedCallback
 .text.HAL_TIM_IC_CaptureCallback
                0x00000000080020ae        0x2 ./Drivers/STM32G0xx_HAL_Driver/stm32g0xx_hal_tim.o
                0x00000000080020ae                HAL_TIM_IC_CaptureCallback
 .text.HAL_TIM_PWM_PulseFinishedCallback
                0x00000000080020b0        0x2 ./Drivers/STM32G0xx_HAL_Driver/stm32g0xx_hal_tim.o
                0x00000000080020b0                HAL_TIM_PWM_PulseFinishedCallback
 .text.HAL_TIM_TriggerCallback
                0x00000000080020b2        0x2 ./Drivers/STM32G0xx_HAL_Driver/stm32g0xx_hal_tim.o
                0x00000000080020b2                HAL_TIM_TriggerCallback
 .text.HAL_TIM_IRQHandler
                0x00000000080020b4      0x168 ./Drivers/STM32G0xx_HAL_Driver/stm32g0xx_hal_tim.o
                0x00000000080020b4                HAL_TIM_IRQHandler
 .text.TIM_Base_SetConfig
                0x000000000800221c       0x90 ./Drivers/STM32G0xx_HAL_Driver/stm32g0xx_hal_tim.o
                0x000000000800221c                TIM_Base_SetConfig
 .text.HAL_TIM_Base_Init
                0x00000000080022ac       0x54 ./Drivers/STM32G0xx_HAL_Driver/stm32g0xx_hal_tim.o
                0x00000000080022ac                HAL_TIM_Base_Init
 .text.HAL_TIMEx_CommutCallback
                0x0000000008002300        0x2 ./Drivers/STM32G0xx_HAL_Driver/stm32g0xx_hal_tim_ex.o
                0x0000000008002300                HAL_TIMEx_CommutCallback
 .text.HAL_TIMEx_BreakCallback
                0x0000000008002302        0x2 ./Drivers/STM32G0xx_HAL_Driver/stm32g0xx_hal_tim_ex.o
                0x0000000008002302                HAL_TIMEx_BreakCallback
 .text.HAL_TIMEx_Break2Callback
                0x0000000008002304        0x2 ./Drivers/STM32G0xx_HAL_Driver/stm32g0xx_hal_tim_ex.o
                0x0000000008002304                HAL_TIMEx_Break2Callback
 *fill*         0x0000000008002306        0x2 
 .text.UART_EndRxTransfer
                0x0000000008002308       0x64 ./Drivers/STM32G0xx_HAL_Driver/stm32g0xx_hal_uart.o
 .text.UART_TxISR_8BIT.part.0
                0x000000000800236c       0x32 ./Drivers/STM32G0xx_HAL_Driver/stm32g0xx_hal_uart.o
 .text.UART_TxISR_8BIT
                0x000000000800239e       0x32 ./Drivers/STM32G0xx_HAL_Driver/stm32g0xx_hal_uart.o
 .text.UART_TxISR_16BIT
                0x00000000080023d0       0x36 ./Drivers/STM32G0xx_HAL_Driver/stm32g0xx_hal_uart.o
 *fill*         0x0000000008002406        0x2 
 .text.UART_TxISR_8BIT_FIFOEN.part.0
                0x0000000008002408       0x38 ./Drivers/STM32G0xx_HAL_Driver/stm32g0xx_hal_uart.o
 .text.UART_TxISR_8BIT_FIFOEN
                0x0000000008002440       0x48 ./Drivers/STM32G0xx_HAL_Driver/stm32g0xx_hal_uart.o
 .text.UART_TxISR_16BIT_FIFOEN
                0x0000000008002488       0x4c ./Drivers/STM32G0xx_HAL_Driver/stm32g0xx_hal_uart.o
 .text.HAL_UART_Transmit_IT
                0x00000000080024d4       0xd0 ./Drivers/STM32G0xx_HAL_Driver/stm32g0xx_hal_uart.o
                0x00000000080024d4                HAL_UART_Transmit_IT
 .text.HAL_UART_ErrorCallback
                0x00000000080025a4        0x2 ./Drivers/STM32G0xx_HAL_Driver/stm32g0xx_hal_uart.o
                0x00000000080025a4                HAL_UART_ErrorCallback
 .text.UART_DMAAbortOnError
                0x00000000080025a6       0x16 ./Drivers/STM32G0xx_HAL_Driver/stm32g0xx_hal_uart.o
 .text.HAL_UART_AbortReceiveCpltCallback
                0x00000000080025bc        0x2 ./Drivers/STM32G0xx_HAL_Driver/stm32g0xx_hal_uart.o
                0x00000000080025bc                HAL_UART_AbortReceiveCpltCallback
 *fill*         0x00000000080025be        0x2 
 .text.HAL_UART_AbortReceive_IT
                0x00000000080025c0       0xdc ./Drivers/STM32G0xx_HAL_Driver/stm32g0xx_hal_uart.o
                0x00000000080025c0                HAL_UART_AbortReceive_IT
 .text.UART_DMARxOnlyAbortCallback
                0x000000000800269c       0x2a ./Drivers/STM32G0xx_HAL_Driver/stm32g0xx_hal_uart.o
 .text.HAL_UARTEx_RxEventCallback
                0x00000000080026c6        0x2 ./Drivers/STM32G0xx_HAL_Driver/stm32g0xx_hal_uart.o
                0x00000000080026c6                HAL_UARTEx_RxEventCallback
 .text.HAL_UART_IRQHandler
                0x00000000080026c8      0x328 ./Drivers/STM32G0xx_HAL_Driver/stm32g0xx_hal_uart.o
                0x00000000080026c8                HAL_UART_IRQHandler
 .text.UART_RxISR_8BIT.part.0
                0x00000000080029f0       0x78 ./Drivers/STM32G0xx_HAL_Driver/stm32g0xx_hal_uart.o
 .text.UART_RxISR_16BIT
                0x0000000008002a68       0x42 ./Drivers/STM32G0xx_HAL_Driver/stm32g0xx_hal_uart.o
 .text.UART_RxISR_8BIT
                0x0000000008002aaa       0x44 ./Drivers/STM32G0xx_HAL_Driver/stm32g0xx_hal_uart.o
 *fill*         0x0000000008002aee        0x2 
 .text.UART_RxISR_8BIT_FIFOEN
                0x0000000008002af0      0x1a8 ./Drivers/STM32G0xx_HAL_Driver/stm32g0xx_hal_uart.o
 .text.UART_RxISR_16BIT_FIFOEN
                0x0000000008002c98      0x1a4 ./Drivers/STM32G0xx_HAL_Driver/stm32g0xx_hal_uart.o
 .text.HAL_UART_GetState
                0x0000000008002e3c        0xe ./Drivers/STM32G0xx_HAL_Driver/stm32g0xx_hal_uart.o
                0x0000000008002e3c                HAL_UART_GetState
 *fill*         0x0000000008002e4a        0x2 
 .text.UART_SetConfig
                0x0000000008002e4c      0x210 ./Drivers/STM32G0xx_HAL_Driver/stm32g0xx_hal_uart.o
                0x0000000008002e4c                UART_SetConfig
 .text.UART_AdvFeatureConfig
                0x000000000800305c       0xd0 ./Drivers/STM32G0xx_HAL_Driver/stm32g0xx_hal_uart.o
                0x000000000800305c                UART_AdvFeatureConfig
 .text.UART_WaitOnFlagUntilTimeout
                0x000000000800312c       0xd0 ./Drivers/STM32G0xx_HAL_Driver/stm32g0xx_hal_uart.o
                0x000000000800312c                UART_WaitOnFlagUntilTimeout
 .text.UART_CheckIdleState
                0x00000000080031fc       0x6c ./Drivers/STM32G0xx_HAL_Driver/stm32g0xx_hal_uart.o
                0x00000000080031fc                UART_CheckIdleState
 .text.HAL_UART_Init
                0x0000000008003268       0x68 ./Drivers/STM32G0xx_HAL_Driver/stm32g0xx_hal_uart.o
                0x0000000008003268                HAL_UART_Init
 .text.UART_Start_Receive_IT
                0x00000000080032d0      0x11c ./Drivers/STM32G0xx_HAL_Driver/stm32g0xx_hal_uart.o
                0x00000000080032d0                UART_Start_Receive_IT
 .text.HAL_UART_Receive_IT
                0x00000000080033ec       0x78 ./Drivers/STM32G0xx_HAL_Driver/stm32g0xx_hal_uart.o
                0x00000000080033ec                HAL_UART_Receive_IT
 .text.UARTEx_SetNbDataToProcess
                0x0000000008003464       0x4c ./Drivers/STM32G0xx_HAL_Driver/stm32g0xx_hal_uart_ex.o
 .text.HAL_UARTEx_WakeupCallback
                0x00000000080034b0        0x2 ./Drivers/STM32G0xx_HAL_Driver/stm32g0xx_hal_uart_ex.o
                0x00000000080034b0                HAL_UARTEx_WakeupCallback
 .text.HAL_UARTEx_RxFifoFullCallback
                0x00000000080034b2        0x2 ./Drivers/STM32G0xx_HAL_Driver/stm32g0xx_hal_uart_ex.o
                0x00000000080034b2                HAL_UARTEx_RxFifoFullCallback
 .text.HAL_UARTEx_TxFifoEmptyCallback
                0x00000000080034b4        0x2 ./Drivers/STM32G0xx_HAL_Driver/stm32g0xx_hal_uart_ex.o
                0x00000000080034b4                HAL_UARTEx_TxFifoEmptyCallback
 *fill*         0x00000000080034b6        0x2 
 .text.HAL_UARTEx_DisableFifoMode
                0x00000000080034b8       0x3c ./Drivers/STM32G0xx_HAL_Driver/stm32g0xx_hal_uart_ex.o
                0x00000000080034b8                HAL_UARTEx_DisableFifoMode
 .text.HAL_UARTEx_SetTxFifoThreshold
                0x00000000080034f4       0x46 ./Drivers/STM32G0xx_HAL_Driver/stm32g0xx_hal_uart_ex.o
                0x00000000080034f4                HAL_UARTEx_SetTxFifoThreshold
 *fill*         0x000000000800353a        0x2 
 .text.HAL_UARTEx_SetRxFifoThreshold
                0x000000000800353c       0x4c ./Drivers/STM32G0xx_HAL_Driver/stm32g0xx_hal_uart_ex.o
                0x000000000800353c                HAL_UARTEx_SetRxFifoThreshold
 .text.vTimerCallbackT35
                0x0000000008003588       0x54 ./MODBUS-LIB/Src/Modbus.o
 .text.vTimerCallbackTimeout
                0x00000000080035dc       0x40 ./MODBUS-LIB/Src/Modbus.o
 .text.RingAdd  0x000000000800361c       0x3a ./MODBUS-LIB/Src/Modbus.o
                0x000000000800361c                RingAdd
 .text.RingGetNBytes
                0x0000000008003656       0x5c ./MODBUS-LIB/Src/Modbus.o
                0x0000000008003656                RingGetNBytes
 .text.RingGetAllBytes
                0x00000000080036b2        0xe ./MODBUS-LIB/Src/Modbus.o
                0x00000000080036b2                RingGetAllBytes
 .text.getRxBuffer
                0x00000000080036c0       0x6a ./MODBUS-LIB/Src/Modbus.o
 *fill*         0x000000000800372a        0x2 
 .text.ModbusInit
                0x000000000800372c       0xfc ./MODBUS-LIB/Src/Modbus.o
                0x000000000800372c                ModbusInit
 .text.ModbusStart
                0x0000000008003828       0x7e ./MODBUS-LIB/Src/Modbus.o
                0x0000000008003828                ModbusStart
 *fill*         0x00000000080038a6        0x2 
 .text.calcCRC  0x00000000080038a8       0x40 ./MODBUS-LIB/Src/Modbus.o
                0x00000000080038a8                calcCRC
 .text.sendTxBuffer
                0x00000000080038e8       0x8e ./MODBUS-LIB/Src/Modbus.o
 *fill*         0x0000000008003976        0x2 
 .text.StartTaskModbusSlave
                0x0000000008003978      0x540 ./MODBUS-LIB/Src/Modbus.o
                0x0000000008003978                StartTaskModbusSlave
 .text.StartTaskModbusMaster
                0x0000000008003eb8      0x330 ./MODBUS-LIB/Src/Modbus.o
                0x0000000008003eb8                StartTaskModbusMaster
 .text.HAL_UART_TxCpltCallback
                0x00000000080041e8       0x54 ./MODBUS-LIB/Src/UARTCallback.o
                0x00000000080041e8                HAL_UART_TxCpltCallback
 .text.HAL_UART_RxCpltCallback
                0x000000000800423c       0x7c ./MODBUS-LIB/Src/UARTCallback.o
                0x000000000800423c                HAL_UART_RxCpltCallback
 .text.SysTick_Handler
                0x00000000080042b8       0x18 ./Middlewares/FreeRTOS/cmsis_os2.o
                0x00000000080042b8                SysTick_Handler
 .text.osKernelInitialize
                0x00000000080042d0       0x24 ./Middlewares/FreeRTOS/cmsis_os2.o
                0x00000000080042d0                osKernelInitialize
 .text.osKernelStart
                0x00000000080042f4       0x3c ./Middlewares/FreeRTOS/cmsis_os2.o
                0x00000000080042f4                osKernelStart
 .text.osThreadNew
                0x0000000008004330       0xa6 ./Middlewares/FreeRTOS/cmsis_os2.o
                0x0000000008004330                osThreadNew
 .text.osDelay  0x00000000080043d6       0x1c ./Middlewares/FreeRTOS/cmsis_os2.o
                0x00000000080043d6                osDelay
 .text.osSemaphoreNew
                0x00000000080043f2       0x92 ./Middlewares/FreeRTOS/cmsis_os2.o
                0x00000000080043f2                osSemaphoreNew
 .text.osMessageQueueNew
                0x0000000008004484       0x70 ./Middlewares/FreeRTOS/cmsis_os2.o
                0x0000000008004484                osMessageQueueNew
 .text.vApplicationGetIdleTaskMemory
                0x00000000080044f4       0x18 ./Middlewares/FreeRTOS/cmsis_os2.o
                0x00000000080044f4                vApplicationGetIdleTaskMemory
 .text.vApplicationGetTimerTaskMemory
                0x000000000800450c       0x18 ./Middlewares/FreeRTOS/cmsis_os2.o
                0x000000000800450c                vApplicationGetTimerTaskMemory
 .text.prvInsertBlockIntoFreeList
                0x0000000008004524       0x48 ./Middlewares/FreeRTOS/heap_4.o
 .text.pvPortMalloc
                0x000000000800456c      0x104 ./Middlewares/FreeRTOS/heap_4.o
                0x000000000800456c                pvPortMalloc
 .text.vPortFree
                0x0000000008004670       0x54 ./Middlewares/FreeRTOS/heap_4.o
                0x0000000008004670                vPortFree
 .text.vListInitialise
                0x00000000080046c4       0x16 ./Middlewares/FreeRTOS/list.o
                0x00000000080046c4                vListInitialise
 .text.vListInitialiseItem
                0x00000000080046da        0x6 ./Middlewares/FreeRTOS/list.o
                0x00000000080046da                vListInitialiseItem
 .text.vListInsertEnd
                0x00000000080046e0       0x18 ./Middlewares/FreeRTOS/list.o
                0x00000000080046e0                vListInsertEnd
 .text.vListInsert
                0x00000000080046f8       0x2e ./Middlewares/FreeRTOS/list.o
                0x00000000080046f8                vListInsert
 .text.uxListRemove
                0x0000000008004726       0x20 ./Middlewares/FreeRTOS/list.o
                0x0000000008004726                uxListRemove
 *fill*         0x0000000008004746        0x2 
 .text.prvTaskExitError
                0x0000000008004748       0x24 ./Middlewares/FreeRTOS/port.o
 *fill*         0x000000000800476c        0x4 
 .text.vPortStartFirstTask
                0x0000000008004770       0x34 ./Middlewares/FreeRTOS/port.o
 .text.pxPortInitialiseStack
                0x00000000080047a4       0x20 ./Middlewares/FreeRTOS/port.o
                0x00000000080047a4                pxPortInitialiseStack
 .text.SVC_Handler
                0x00000000080047c4        0x2 ./Middlewares/FreeRTOS/port.o
                0x00000000080047c4                SVC_Handler
 *fill*         0x00000000080047c6        0x2 
 .text.vPortYield
                0x00000000080047c8       0x18 ./Middlewares/FreeRTOS/port.o
                0x00000000080047c8                vPortYield
 .text.vPortEnterCritical
                0x00000000080047e0       0x18 ./Middlewares/FreeRTOS/port.o
                0x00000000080047e0                vPortEnterCritical
 .text.vPortExitCritical
                0x00000000080047f8       0x1c ./Middlewares/FreeRTOS/port.o
                0x00000000080047f8                vPortExitCritical
 .text.ulSetInterruptMaskFromISR
                0x0000000008004814        0x8 ./Middlewares/FreeRTOS/port.o
                0x0000000008004814                ulSetInterruptMaskFromISR
 .text.vClearInterruptMaskFromISR
                0x000000000800481c        0x6 ./Middlewares/FreeRTOS/port.o
                0x000000000800481c                vClearInterruptMaskFromISR
 *fill*         0x0000000008004822        0xe 
 .text.PendSV_Handler
                0x0000000008004830       0x44 ./Middlewares/FreeRTOS/port.o
                0x0000000008004830                PendSV_Handler
 .text.xPortSysTickHandler
                0x0000000008004874       0x24 ./Middlewares/FreeRTOS/port.o
                0x0000000008004874                xPortSysTickHandler
 .text.vPortSetupTimerInterrupt
                0x0000000008004898       0x34 ./Middlewares/FreeRTOS/port.o
                0x0000000008004898                vPortSetupTimerInterrupt
 .text.xPortStartScheduler
                0x00000000080048cc       0x3c ./Middlewares/FreeRTOS/port.o
                0x00000000080048cc                xPortStartScheduler
 .text.prvIsQueueEmpty
                0x0000000008004908       0x14 ./Middlewares/FreeRTOS/queue.o
 .text.prvCopyDataToQueue
                0x000000000800491c       0x76 ./Middlewares/FreeRTOS/queue.o
 .text.prvCopyDataFromQueue
                0x0000000008004992       0x24 ./Middlewares/FreeRTOS/queue.o
 .text.prvUnlockQueue
                0x00000000080049b6       0x6a ./Middlewares/FreeRTOS/queue.o
 .text.xQueueGenericReset
                0x0000000008004a20       0x68 ./Middlewares/FreeRTOS/queue.o
                0x0000000008004a20                xQueueGenericReset
 .text.xQueueGenericCreateStatic
                0x0000000008004a88       0x62 ./Middlewares/FreeRTOS/queue.o
                0x0000000008004a88                xQueueGenericCreateStatic
 .text.xQueueGenericCreate
                0x0000000008004aea       0x46 ./Middlewares/FreeRTOS/queue.o
                0x0000000008004aea                xQueueGenericCreate
 .text.xQueueCreateCountingSemaphoreStatic
                0x0000000008004b30       0x2a ./Middlewares/FreeRTOS/queue.o
                0x0000000008004b30                xQueueCreateCountingSemaphoreStatic
 .text.xQueueCreateCountingSemaphore
                0x0000000008004b5a       0x24 ./Middlewares/FreeRTOS/queue.o
                0x0000000008004b5a                xQueueCreateCountingSemaphore
 .text.xQueueGenericSend
                0x0000000008004b7e      0x120 ./Middlewares/FreeRTOS/queue.o
                0x0000000008004b7e                xQueueGenericSend
 .text.xQueueGenericSendFromISR
                0x0000000008004c9e       0x94 ./Middlewares/FreeRTOS/queue.o
                0x0000000008004c9e                xQueueGenericSendFromISR
 .text.xQueueReceive
                0x0000000008004d32      0x10a ./Middlewares/FreeRTOS/queue.o
                0x0000000008004d32                xQueueReceive
 .text.xQueueSemaphoreTake
                0x0000000008004e3c      0x14c ./Middlewares/FreeRTOS/queue.o
                0x0000000008004e3c                xQueueSemaphoreTake
 .text.vQueueAddToRegistry
                0x0000000008004f88       0x24 ./Middlewares/FreeRTOS/queue.o
                0x0000000008004f88                vQueueAddToRegistry
 .text.vQueueUnregisterQueue
                0x0000000008004fac       0x28 ./Middlewares/FreeRTOS/queue.o
                0x0000000008004fac                vQueueUnregisterQueue
 .text.vQueueDelete
                0x0000000008004fd4       0x20 ./Middlewares/FreeRTOS/queue.o
                0x0000000008004fd4                vQueueDelete
 .text.vQueueWaitForMessageRestricted
                0x0000000008004ff4       0x4a ./Middlewares/FreeRTOS/queue.o
                0x0000000008004ff4                vQueueWaitForMessageRestricted
 *fill*         0x000000000800503e        0x2 
 .text.prvAddNewTaskToReadyList
                0x0000000008005040       0xe8 ./Middlewares/FreeRTOS/tasks.o
 .text.prvResetNextTaskUnblockTime
                0x0000000008005128       0x28 ./Middlewares/FreeRTOS/tasks.o
 .text.prvInitialiseNewTask.isra.0
                0x0000000008005150       0xb8 ./Middlewares/FreeRTOS/tasks.o
 .text.prvDeleteTCB
                0x0000000008005208       0x2e ./Middlewares/FreeRTOS/tasks.o
 *fill*         0x0000000008005236        0x2 
 .text.prvIdleTask
                0x0000000008005238       0x54 ./Middlewares/FreeRTOS/tasks.o
 .text.prvAddCurrentTaskToDelayedList
                0x000000000800528c       0x70 ./Middlewares/FreeRTOS/tasks.o
 .text.xTaskCreateStatic
                0x00000000080052fc       0x4c ./Middlewares/FreeRTOS/tasks.o
                0x00000000080052fc                xTaskCreateStatic
 .text.xTaskCreate
                0x0000000008005348       0x58 ./Middlewares/FreeRTOS/tasks.o
                0x0000000008005348                xTaskCreate
 .text.vTaskStartScheduler
                0x00000000080053a0       0x80 ./Middlewares/FreeRTOS/tasks.o
                0x00000000080053a0                vTaskStartScheduler
 .text.vTaskSuspendAll
                0x0000000008005420       0x10 ./Middlewares/FreeRTOS/tasks.o
                0x0000000008005420                vTaskSuspendAll
 .text.xTaskGetTickCount
                0x0000000008005430        0xc ./Middlewares/FreeRTOS/tasks.o
                0x0000000008005430                xTaskGetTickCount
 .text.xTaskGetTickCountFromISR
                0x000000000800543c        0xc ./Middlewares/FreeRTOS/tasks.o
                0x000000000800543c                xTaskGetTickCountFromISR
 .text.xTaskIncrementTick
                0x0000000008005448      0x100 ./Middlewares/FreeRTOS/tasks.o
                0x0000000008005448                xTaskIncrementTick
 .text.xTaskResumeAll
                0x0000000008005548       0xd0 ./Middlewares/FreeRTOS/tasks.o
                0x0000000008005548                xTaskResumeAll
 .text.vTaskDelay
                0x0000000008005618       0x34 ./Middlewares/FreeRTOS/tasks.o
                0x0000000008005618                vTaskDelay
 .text.vTaskSwitchContext
                0x000000000800564c       0x78 ./Middlewares/FreeRTOS/tasks.o
                0x000000000800564c                vTaskSwitchContext
 .text.vTaskPlaceOnEventList
                0x00000000080056c4       0x24 ./Middlewares/FreeRTOS/tasks.o
                0x00000000080056c4                vTaskPlaceOnEventList
 .text.vTaskPlaceOnEventListRestricted
                0x00000000080056e8       0x30 ./Middlewares/FreeRTOS/tasks.o
                0x00000000080056e8                vTaskPlaceOnEventListRestricted
 .text.xTaskRemoveFromEventList
                0x0000000008005718       0x78 ./Middlewares/FreeRTOS/tasks.o
                0x0000000008005718                xTaskRemoveFromEventList
 .text.vTaskInternalSetTimeOutState
                0x0000000008005790       0x18 ./Middlewares/FreeRTOS/tasks.o
                0x0000000008005790                vTaskInternalSetTimeOutState
 .text.xTaskCheckForTimeOut
                0x00000000080057a8       0x64 ./Middlewares/FreeRTOS/tasks.o
                0x00000000080057a8                xTaskCheckForTimeOut
 .text.vTaskMissedYield
                0x000000000800580c        0xc ./Middlewares/FreeRTOS/tasks.o
                0x000000000800580c                vTaskMissedYield
 .text.xTaskGetSchedulerState
                0x0000000008005818       0x20 ./Middlewares/FreeRTOS/tasks.o
                0x0000000008005818                xTaskGetSchedulerState
 .text.xTaskPriorityInherit
                0x0000000008005838       0x7c ./Middlewares/FreeRTOS/tasks.o
                0x0000000008005838                xTaskPriorityInherit
 .text.xTaskPriorityDisinherit
                0x00000000080058b4       0x6c ./Middlewares/FreeRTOS/tasks.o
                0x00000000080058b4                xTaskPriorityDisinherit
 .text.vTaskPriorityDisinheritAfterTimeout
                0x0000000008005920       0x78 ./Middlewares/FreeRTOS/tasks.o
                0x0000000008005920                vTaskPriorityDisinheritAfterTimeout
 .text.pvTaskIncrementMutexHeldCount
                0x0000000008005998       0x18 ./Middlewares/FreeRTOS/tasks.o
                0x0000000008005998                pvTaskIncrementMutexHeldCount
 .text.ulTaskNotifyTake
                0x00000000080059b0       0x64 ./Middlewares/FreeRTOS/tasks.o
                0x00000000080059b0                ulTaskNotifyTake
 .text.xTaskGenericNotify
                0x0000000008005a14       0xc8 ./Middlewares/FreeRTOS/tasks.o
                0x0000000008005a14                xTaskGenericNotify
 .text.xTaskGenericNotifyFromISR
                0x0000000008005adc       0xf4 ./Middlewares/FreeRTOS/tasks.o
                0x0000000008005adc                xTaskGenericNotifyFromISR
 .text.prvCheckForValidListAndQueue
                0x0000000008005bd0       0x68 ./Middlewares/FreeRTOS/timers.o
 .text.prvInsertTimerInActiveList
                0x0000000008005c38       0x3c ./Middlewares/FreeRTOS/timers.o
 .text.xTimerCreateTimerTask
                0x0000000008005c74       0x5c ./Middlewares/FreeRTOS/timers.o
                0x0000000008005c74                xTimerCreateTimerTask
 .text.xTimerCreate
                0x0000000008005cd0       0x4c ./Middlewares/FreeRTOS/timers.o
                0x0000000008005cd0                xTimerCreate
 .text.xTimerGenericCommand
                0x0000000008005d1c       0x4c ./Middlewares/FreeRTOS/timers.o
                0x0000000008005d1c                xTimerGenericCommand
 .text.prvSwitchTimerLists
                0x0000000008005d68       0x6c ./Middlewares/FreeRTOS/timers.o
 .text.prvTimerTask
                0x0000000008005dd4      0x1ac ./Middlewares/FreeRTOS/timers.o
 .text.__libc_init_array
                0x0000000008005f80       0x48 c:/st/stm32cubeide_1.6.1/stm32cubeide/plugins/com.st.stm32cube.ide.mcu.externaltools.gnu-tools-for-stm32.9-2020-q2-update.win32_2.0.0.202105311346/tools/bin/../lib/gcc/arm-none-eabi/9.3.1/../../../../arm-none-eabi/lib/thumb/v6-m/nofp\libc_nano.a(lib_a-init.o)
                0x0000000008005f80                __libc_init_array
 .text.__retarget_lock_acquire_recursive
                0x0000000008005fc8        0x2 c:/st/stm32cubeide_1.6.1/stm32cubeide/plugins/com.st.stm32cube.ide.mcu.externaltools.gnu-tools-for-stm32.9-2020-q2-update.win32_2.0.0.202105311346/tools/bin/../lib/gcc/arm-none-eabi/9.3.1/../../../../arm-none-eabi/lib/thumb/v6-m/nofp\libc_nano.a(lib_a-lock.o)
                0x0000000008005fc8                __retarget_lock_acquire_recursive
 .text.__retarget_lock_release_recursive
                0x0000000008005fca        0x2 c:/st/stm32cubeide_1.6.1/stm32cubeide/plugins/com.st.stm32cube.ide.mcu.externaltools.gnu-tools-for-stm32.9-2020-q2-update.win32_2.0.0.202105311346/tools/bin/../lib/gcc/arm-none-eabi/9.3.1/../../../../arm-none-eabi/lib/thumb/v6-m/nofp\libc_nano.a(lib_a-lock.o)
                0x0000000008005fca                __retarget_lock_release_recursive
 .text.memcpy   0x0000000008005fcc       0x12 c:/st/stm32cubeide_1.6.1/stm32cubeide/plugins/com.st.stm32cube.ide.mcu.externaltools.gnu-tools-for-stm32.9-2020-q2-update.win32_2.0.0.202105311346/tools/bin/../lib/gcc/arm-none-eabi/9.3.1/../../../../arm-none-eabi/lib/thumb/v6-m/nofp\libc_nano.a(lib_a-memcpy-stub.o)
                0x0000000008005fcc                memcpy
 .text.memset   0x0000000008005fde       0x10 c:/st/stm32cubeide_1.6.1/stm32cubeide/plugins/com.st.stm32cube.ide.mcu.externaltools.gnu-tools-for-stm32.9-2020-q2-update.win32_2.0.0.202105311346/tools/bin/../lib/gcc/arm-none-eabi/9.3.1/../../../../arm-none-eabi/lib/thumb/v6-m/nofp\libc_nano.a(lib_a-memset.o)
                0x0000000008005fde                memset
 .text.cleanup_glue
                0x0000000008005fee       0x1a c:/st/stm32cubeide_1.6.1/stm32cubeide/plugins/com.st.stm32cube.ide.mcu.externaltools.gnu-tools-for-stm32.9-2020-q2-update.win32_2.0.0.202105311346/tools/bin/../lib/gcc/arm-none-eabi/9.3.1/../../../../arm-none-eabi/lib/thumb/v6-m/nofp\libc_nano.a(lib_a-reent.o)
                0x0000000008005fee                cleanup_glue
 .text._reclaim_reent
                0x0000000008006008       0xcc c:/st/stm32cubeide_1.6.1/stm32cubeide/plugins/com.st.stm32cube.ide.mcu.externaltools.gnu-tools-for-stm32.9-2020-q2-update.win32_2.0.0.202105311346/tools/bin/../lib/gcc/arm-none-eabi/9.3.1/../../../../arm-none-eabi/lib/thumb/v6-m/nofp\libc_nano.a(lib_a-reent.o)
                0x0000000008006008                _reclaim_reent
 .text.__malloc_lock
                0x00000000080060d4       0x10 c:/st/stm32cubeide_1.6.1/stm32cubeide/plugins/com.st.stm32cube.ide.mcu.externaltools.gnu-tools-for-stm32.9-2020-q2-update.win32_2.0.0.202105311346/tools/bin/../lib/gcc/arm-none-eabi/9.3.1/../../../../arm-none-eabi/lib/thumb/v6-m/nofp\libc_nano.a(lib_a-mlock.o)
                0x00000000080060d4                __malloc_lock
 .text.__malloc_unlock
                0x00000000080060e4       0x10 c:/st/stm32cubeide_1.6.1/stm32cubeide/plugins/com.st.stm32cube.ide.mcu.externaltools.gnu-tools-for-stm32.9-2020-q2-update.win32_2.0.0.202105311346/tools/bin/../lib/gcc/arm-none-eabi/9.3.1/../../../../arm-none-eabi/lib/thumb/v6-m/nofp\libc_nano.a(lib_a-mlock.o)
                0x00000000080060e4                __malloc_unlock
 .text._free_r  0x00000000080060f4       0x94 c:/st/stm32cubeide_1.6.1/stm32cubeide/plugins/com.st.stm32cube.ide.mcu.externaltools.gnu-tools-for-stm32.9-2020-q2-update.win32_2.0.0.202105311346/tools/bin/../lib/gcc/arm-none-eabi/9.3.1/../../../../arm-none-eabi/lib/thumb/v6-m/nofp\libc_nano.a(lib_a-nano-freer.o)
                0x00000000080060f4                _free_r
 *(.glue_7)
 .glue_7        0x0000000008006188        0x0 linker stubs
 *(.glue_7t)
 .glue_7t       0x0000000008006188        0x0 linker stubs
 *(.eh_frame)
 .eh_frame      0x0000000008006188        0x0 c:/st/stm32cubeide_1.6.1/stm32cubeide/plugins/com.st.stm32cube.ide.mcu.externaltools.gnu-tools-for-stm32.9-2020-q2-update.win32_2.0.0.202105311346/tools/bin/../lib/gcc/arm-none-eabi/9.3.1/thumb/v6-m/nofp/crtbegin.o
 *(.init)
 .init          0x0000000008006188        0x4 c:/st/stm32cubeide_1.6.1/stm32cubeide/plugins/com.st.stm32cube.ide.mcu.externaltools.gnu-tools-for-stm32.9-2020-q2-update.win32_2.0.0.202105311346/tools/bin/../lib/gcc/arm-none-eabi/9.3.1/thumb/v6-m/nofp/crti.o
                0x0000000008006188                _init
 .init          0x000000000800618c        0x8 c:/st/stm32cubeide_1.6.1/stm32cubeide/plugins/com.st.stm32cube.ide.mcu.externaltools.gnu-tools-for-stm32.9-2020-q2-update.win32_2.0.0.202105311346/tools/bin/../lib/gcc/arm-none-eabi/9.3.1/thumb/v6-m/nofp/crtn.o
 *(.fini)
 .fini          0x0000000008006194        0x4 c:/st/stm32cubeide_1.6.1/stm32cubeide/plugins/com.st.stm32cube.ide.mcu.externaltools.gnu-tools-for-stm32.9-2020-q2-update.win32_2.0.0.202105311346/tools/bin/../lib/gcc/arm-none-eabi/9.3.1/thumb/v6-m/nofp/crti.o
                0x0000000008006194                _fini
 .fini          0x0000000008006198        0x8 c:/st/stm32cubeide_1.6.1/stm32cubeide/plugins/com.st.stm32cube.ide.mcu.externaltools.gnu-tools-for-stm32.9-2020-q2-update.win32_2.0.0.202105311346/tools/bin/../lib/gcc/arm-none-eabi/9.3.1/thumb/v6-m/nofp/crtn.o
                0x00000000080061a0                . = ALIGN (0x4)
                0x00000000080061a0                _etext = .

.vfp11_veneer   0x00000000080061a0        0x0
 .vfp11_veneer  0x00000000080061a0        0x0 linker stubs

.v4_bx          0x00000000080061a0        0x0
 .v4_bx         0x00000000080061a0        0x0 linker stubs

.iplt           0x00000000080061a0        0x0
 .iplt          0x00000000080061a0        0x0 c:/st/stm32cubeide_1.6.1/stm32cubeide/plugins/com.st.stm32cube.ide.mcu.externaltools.gnu-tools-for-stm32.9-2020-q2-update.win32_2.0.0.202105311346/tools/bin/../lib/gcc/arm-none-eabi/9.3.1/thumb/v6-m/nofp/crtbegin.o

.rodata         0x00000000080061a0      0x204
                0x00000000080061a0                . = ALIGN (0x4)
 *(.rodata)
 *(.rodata*)
 .rodata.str1.1
                0x00000000080061a0       0x10 ./Core/Src/main.o
 .rodata.main_logic_loop_attributes
                0x00000000080061b0       0x24 ./Core/Src/main.o
                0x00000000080061b0                main_logic_loop_attributes
 .rodata.AHBPrescTable
                0x00000000080061d4       0x40 ./Core/Src/system_stm32g0xx.o
                0x00000000080061d4                AHBPrescTable
 .rodata.APBPrescTable
                0x0000000008006214       0x20 ./Core/Src/system_stm32g0xx.o
                0x0000000008006214                APBPrescTable
 .rodata.CSWTCH.66
                0x0000000008006234        0x3 ./Drivers/STM32G0xx_HAL_Driver/stm32g0xx_hal_uart.o
 *fill*         0x0000000008006237        0x1 
 .rodata.UARTPrescTable
                0x0000000008006238       0x18 ./Drivers/STM32G0xx_HAL_Driver/stm32g0xx_hal_uart.o
                0x0000000008006238                UARTPrescTable
 .rodata.denominator.7868
                0x0000000008006250        0x8 ./Drivers/STM32G0xx_HAL_Driver/stm32g0xx_hal_uart_ex.o
 .rodata.numerator.7867
                0x0000000008006258        0x8 ./Drivers/STM32G0xx_HAL_Driver/stm32g0xx_hal_uart_ex.o
 .rodata.ModbusInit.str1.1
                0x0000000008006260       0x17 ./MODBUS-LIB/Src/Modbus.o
 .rodata.str1.1
                0x0000000008006277       0x40 ./MODBUS-LIB/Src/Modbus.o
 *fill*         0x00000000080062b7        0x1 
 .rodata.ModBusSphr_attributes
                0x00000000080062b8       0x10 ./MODBUS-LIB/Src/Modbus.o
                0x00000000080062b8                ModBusSphr_attributes
 .rodata.QueueTelegram_attributes
                0x00000000080062c8       0x18 ./MODBUS-LIB/Src/Modbus.o
                0x00000000080062c8                QueueTelegram_attributes
 .rodata.fctsupported
                0x00000000080062e0        0x8 ./MODBUS-LIB/Src/Modbus.o
                0x00000000080062e0                fctsupported
 .rodata.myTaskModbusA_attributes
                0x00000000080062e8       0x24 ./MODBUS-LIB/Src/Modbus.o
                0x00000000080062e8                myTaskModbusA_attributes
 .rodata.myTaskModbusB_attributes
                0x000000000800630c       0x24 ./MODBUS-LIB/Src/Modbus.o
                0x000000000800630c                myTaskModbusB_attributes
 .rodata.vTaskStartScheduler.str1.1
                0x0000000008006330        0x5 ./Middlewares/FreeRTOS/tasks.o
 .rodata.prvCheckForValidListAndQueue.str1.1
                0x0000000008006335        0x5 ./Middlewares/FreeRTOS/timers.o
 .rodata.xTimerCreateTimerTask.str1.1
                0x000000000800633a        0x8 ./Middlewares/FreeRTOS/timers.o
 *fill*         0x0000000008006342        0x2 
 .rodata.__sf_fake_stderr
                0x0000000008006344       0x20 c:/st/stm32cubeide_1.6.1/stm32cubeide/plugins/com.st.stm32cube.ide.mcu.externaltools.gnu-tools-for-stm32.9-2020-q2-update.win32_2.0.0.202105311346/tools/bin/../lib/gcc/arm-none-eabi/9.3.1/../../../../arm-none-eabi/lib/thumb/v6-m/nofp\libc_nano.a(lib_a-findfp.o)
                0x0000000008006344                __sf_fake_stderr
 .rodata.__sf_fake_stdin
                0x0000000008006364       0x20 c:/st/stm32cubeide_1.6.1/stm32cubeide/plugins/com.st.stm32cube.ide.mcu.externaltools.gnu-tools-for-stm32.9-2020-q2-update.win32_2.0.0.202105311346/tools/bin/../lib/gcc/arm-none-eabi/9.3.1/../../../../arm-none-eabi/lib/thumb/v6-m/nofp\libc_nano.a(lib_a-findfp.o)
                0x0000000008006364                __sf_fake_stdin
 .rodata.__sf_fake_stdout
                0x0000000008006384       0x20 c:/st/stm32cubeide_1.6.1/stm32cubeide/plugins/com.st.stm32cube.ide.mcu.externaltools.gnu-tools-for-stm32.9-2020-q2-update.win32_2.0.0.202105311346/tools/bin/../lib/gcc/arm-none-eabi/9.3.1/../../../../arm-none-eabi/lib/thumb/v6-m/nofp\libc_nano.a(lib_a-findfp.o)
                0x0000000008006384                __sf_fake_stdout
                0x00000000080063a4                . = ALIGN (0x4)

.ARM.extab      0x00000000080063a4        0x0
                0x00000000080063a4                . = ALIGN (0x4)
 *(.ARM.extab* .gnu.linkonce.armextab.*)
                0x00000000080063a4                . = ALIGN (0x4)

.ARM            0x00000000080063a4        0x8
                0x00000000080063a4                . = ALIGN (0x4)
                0x00000000080063a4                __exidx_start = .
 *(.ARM.exidx*)
 .ARM.exidx     0x00000000080063a4        0x8 c:/st/stm32cubeide_1.6.1/stm32cubeide/plugins/com.st.stm32cube.ide.mcu.externaltools.gnu-tools-for-stm32.9-2020-q2-update.win32_2.0.0.202105311346/tools/bin/../lib/gcc/arm-none-eabi/9.3.1/thumb/v6-m/nofp\libgcc.a(_udivmoddi4.o)
                0x00000000080063ac                __exidx_end = .
                0x00000000080063ac                . = ALIGN (0x4)

.rel.dyn        0x00000000080063ac        0x0
 .rel.iplt      0x00000000080063ac        0x0 c:/st/stm32cubeide_1.6.1/stm32cubeide/plugins/com.st.stm32cube.ide.mcu.externaltools.gnu-tools-for-stm32.9-2020-q2-update.win32_2.0.0.202105311346/tools/bin/../lib/gcc/arm-none-eabi/9.3.1/thumb/v6-m/nofp/crtbegin.o

.preinit_array  0x00000000080063ac        0x0
                0x00000000080063ac                . = ALIGN (0x4)
                0x00000000080063ac                PROVIDE (__preinit_array_start = .)
 *(.preinit_array*)
                0x00000000080063ac                PROVIDE (__preinit_array_end = .)
                0x00000000080063ac                . = ALIGN (0x4)

.init_array     0x00000000080063ac        0x4
                0x00000000080063ac                . = ALIGN (0x4)
                0x00000000080063ac                PROVIDE (__init_array_start = .)
 *(SORT_BY_NAME(.init_array.*))
 *(.init_array*)
 .init_array    0x00000000080063ac        0x4 c:/st/stm32cubeide_1.6.1/stm32cubeide/plugins/com.st.stm32cube.ide.mcu.externaltools.gnu-tools-for-stm32.9-2020-q2-update.win32_2.0.0.202105311346/tools/bin/../lib/gcc/arm-none-eabi/9.3.1/thumb/v6-m/nofp/crtbegin.o
                0x00000000080063b0                PROVIDE (__init_array_end = .)
                0x00000000080063b0                . = ALIGN (0x4)

.fini_array     0x00000000080063b0        0x4
                0x00000000080063b0                . = ALIGN (0x4)
                [!provide]                        PROVIDE (__fini_array_start = .)
 *(SORT_BY_NAME(.fini_array.*))
 *(.fini_array*)
 .fini_array    0x00000000080063b0        0x4 c:/st/stm32cubeide_1.6.1/stm32cubeide/plugins/com.st.stm32cube.ide.mcu.externaltools.gnu-tools-for-stm32.9-2020-q2-update.win32_2.0.0.202105311346/tools/bin/../lib/gcc/arm-none-eabi/9.3.1/thumb/v6-m/nofp/crtbegin.o
                [!provide]                        PROVIDE (__fini_array_end = .)
                0x00000000080063b4                . = ALIGN (0x4)
                0x00000000080063b4                _sidata = LOADADDR (.data)

.data           0x0000000020000000       0x74 load address 0x00000000080063b4
                0x0000000020000000                . = ALIGN (0x4)
                0x0000000020000000                _sdata = .
 *(.data)
 *(.data*)
 .data.SystemCoreClock
                0x0000000020000000        0x4 ./Core/Src/system_stm32g0xx.o
                0x0000000020000000                SystemCoreClock
 .data.uwTickFreq
                0x0000000020000004        0x1 ./Drivers/STM32G0xx_HAL_Driver/stm32g0xx_hal.o
                0x0000000020000004                uwTickFreq
 *fill*         0x0000000020000005        0x3 
 .data.uwTickPrio
                0x0000000020000008        0x4 ./Drivers/STM32G0xx_HAL_Driver/stm32g0xx_hal.o
                0x0000000020000008                uwTickPrio
 .data.uxCriticalNesting
                0x000000002000000c        0x4 ./Middlewares/FreeRTOS/port.o
 .data._impure_ptr
                0x0000000020000010        0x4 c:/st/stm32cubeide_1.6.1/stm32cubeide/plugins/com.st.stm32cube.ide.mcu.externaltools.gnu-tools-for-stm32.9-2020-q2-update.win32_2.0.0.202105311346/tools/bin/../lib/gcc/arm-none-eabi/9.3.1/../../../../arm-none-eabi/lib/thumb/v6-m/nofp\libc_nano.a(lib_a-impure.o)
                0x0000000020000010                _impure_ptr
 .data.impure_data
                0x0000000020000014       0x60 c:/st/stm32cubeide_1.6.1/stm32cubeide/plugins/com.st.stm32cube.ide.mcu.externaltools.gnu-tools-for-stm32.9-2020-q2-update.win32_2.0.0.202105311346/tools/bin/../lib/gcc/arm-none-eabi/9.3.1/../../../../arm-none-eabi/lib/thumb/v6-m/nofp\libc_nano.a(lib_a-impure.o)
 *(.RamFunc)
 *(.RamFunc*)
                0x0000000020000074                . = ALIGN (0x4)
                0x0000000020000074                _edata = .

.igot.plt       0x0000000020000074        0x0 load address 0x0000000008006428
 .igot.plt      0x0000000020000074        0x0 c:/st/stm32cubeide_1.6.1/stm32cubeide/plugins/com.st.stm32cube.ide.mcu.externaltools.gnu-tools-for-stm32.9-2020-q2-update.win32_2.0.0.202105311346/tools/bin/../lib/gcc/arm-none-eabi/9.3.1/thumb/v6-m/nofp/crtbegin.o
                0x0000000020000074                . = ALIGN (0x4)

.bss            0x0000000020000074     0x164c load address 0x0000000008006428
                0x0000000020000074                _sbss = .
                0x0000000020000074                __bss_start__ = _sbss
 *(.bss)
 .bss           0x0000000020000074       0x1c c:/st/stm32cubeide_1.6.1/stm32cubeide/plugins/com.st.stm32cube.ide.mcu.externaltools.gnu-tools-for-stm32.9-2020-q2-update.win32_2.0.0.202105311346/tools/bin/../lib/gcc/arm-none-eabi/9.3.1/thumb/v6-m/nofp/crtbegin.o
 *(.bss*)
 .bss.numberHandlers
                0x0000000020000090        0x1 ./MODBUS-LIB/Src/Modbus.o
                0x0000000020000090                numberHandlers
 *fill*         0x0000000020000091        0x3 
 .bss.Idle_Stack.9763
                0x0000000020000094      0x200 ./Middlewares/FreeRTOS/cmsis_os2.o
 .bss.Idle_TCB.9762
                0x0000000020000294       0xbc ./Middlewares/FreeRTOS/cmsis_os2.o
 .bss.KernelState
                0x0000000020000350        0x4 ./Middlewares/FreeRTOS/cmsis_os2.o
 .bss.Timer_Stack.9770
                0x0000000020000354      0x400 ./Middlewares/FreeRTOS/cmsis_os2.o
 .bss.Timer_TCB.9769
                0x0000000020000754       0xbc ./Middlewares/FreeRTOS/cmsis_os2.o
 .bss.pxEnd     0x0000000020000810        0x4 ./Middlewares/FreeRTOS/heap_4.o
 .bss.ucHeap    0x0000000020000814      0x200 ./Middlewares/FreeRTOS/heap_4.o
 .bss.xBlockAllocatedBit
                0x0000000020000a14        0x4 ./Middlewares/FreeRTOS/heap_4.o
 .bss.xFreeBytesRemaining
                0x0000000020000a18        0x4 ./Middlewares/FreeRTOS/heap_4.o
 .bss.xMinimumEverFreeBytesRemaining
                0x0000000020000a1c        0x4 ./Middlewares/FreeRTOS/heap_4.o
 .bss.xNumberOfSuccessfulAllocations
                0x0000000020000a20        0x4 ./Middlewares/FreeRTOS/heap_4.o
 .bss.xNumberOfSuccessfulFrees
                0x0000000020000a24        0x4 ./Middlewares/FreeRTOS/heap_4.o
 .bss.xStart    0x0000000020000a28        0x8 ./Middlewares/FreeRTOS/heap_4.o
 .bss.pxCurrentTCB
                0x0000000020000a30        0x4 ./Middlewares/FreeRTOS/tasks.o
                0x0000000020000a30                pxCurrentTCB
 .bss.pxDelayedTaskList
                0x0000000020000a34        0x4 ./Middlewares/FreeRTOS/tasks.o
 .bss.pxOverflowDelayedTaskList
                0x0000000020000a38        0x4 ./Middlewares/FreeRTOS/tasks.o
 .bss.pxReadyTasksLists
                0x0000000020000a3c      0x460 ./Middlewares/FreeRTOS/tasks.o
 .bss.uxCurrentNumberOfTasks
                0x0000000020000e9c        0x4 ./Middlewares/FreeRTOS/tasks.o
 .bss.uxDeletedTasksWaitingCleanUp
                0x0000000020000ea0        0x4 ./Middlewares/FreeRTOS/tasks.o
 .bss.uxSchedulerSuspended
                0x0000000020000ea4        0x4 ./Middlewares/FreeRTOS/tasks.o
 .bss.uxTaskNumber
                0x0000000020000ea8        0x4 ./Middlewares/FreeRTOS/tasks.o
 .bss.uxTopReadyPriority
                0x0000000020000eac        0x4 ./Middlewares/FreeRTOS/tasks.o
 .bss.xDelayedTaskList1
                0x0000000020000eb0       0x14 ./Middlewares/FreeRTOS/tasks.o
 .bss.xDelayedTaskList2
                0x0000000020000ec4       0x14 ./Middlewares/FreeRTOS/tasks.o
 .bss.xNextTaskUnblockTime
                0x0000000020000ed8        0x4 ./Middlewares/FreeRTOS/tasks.o
 .bss.xNumOfOverflows
                0x0000000020000edc        0x4 ./Middlewares/FreeRTOS/tasks.o
 .bss.xPendedTicks
                0x0000000020000ee0        0x4 ./Middlewares/FreeRTOS/tasks.o
 .bss.xPendingReadyList
                0x0000000020000ee4       0x14 ./Middlewares/FreeRTOS/tasks.o
 .bss.xSchedulerRunning
                0x0000000020000ef8        0x4 ./Middlewares/FreeRTOS/tasks.o
 .bss.xSuspendedTaskList
                0x0000000020000efc       0x14 ./Middlewares/FreeRTOS/tasks.o
 .bss.xTasksWaitingTermination
                0x0000000020000f10       0x14 ./Middlewares/FreeRTOS/tasks.o
 .bss.xTickCount
                0x0000000020000f24        0x4 ./Middlewares/FreeRTOS/tasks.o
 .bss.xYieldPending
                0x0000000020000f28        0x4 ./Middlewares/FreeRTOS/tasks.o
 .bss.pxCurrentTimerList
                0x0000000020000f2c        0x4 ./Middlewares/FreeRTOS/timers.o
 .bss.pxOverflowTimerList
                0x0000000020000f30        0x4 ./Middlewares/FreeRTOS/timers.o
 .bss.ucStaticTimerQueueStorage.5685
                0x0000000020000f34       0xa0 ./Middlewares/FreeRTOS/timers.o
 .bss.xActiveTimerList1
                0x0000000020000fd4       0x14 ./Middlewares/FreeRTOS/timers.o
 .bss.xActiveTimerList2
                0x0000000020000fe8       0x14 ./Middlewares/FreeRTOS/timers.o
 .bss.xLastTime.5634
                0x0000000020000ffc        0x4 ./Middlewares/FreeRTOS/timers.o
 .bss.xStaticTimerQueue.5684
                0x0000000020001000       0x50 ./Middlewares/FreeRTOS/timers.o
 .bss.xTimerQueue
                0x0000000020001050        0x4 ./Middlewares/FreeRTOS/timers.o
 .bss.xTimerTaskHandle
                0x0000000020001054        0x4 ./Middlewares/FreeRTOS/timers.o
 .bss.__malloc_free_list
                0x0000000020001058        0x4 c:/st/stm32cubeide_1.6.1/stm32cubeide/plugins/com.st.stm32cube.ide.mcu.externaltools.gnu-tools-for-stm32.9-2020-q2-update.win32_2.0.0.202105311346/tools/bin/../lib/gcc/arm-none-eabi/9.3.1/../../../../arm-none-eabi/lib/thumb/v6-m/nofp\libc_nano.a(lib_a-nano-mallocr.o)
                0x0000000020001058                __malloc_free_list
 *(COMMON)
 COMMON         0x000000002000105c        0x8 ./Core/Src/app_freertos.o
                0x000000002000105c                mHandlers
 COMMON         0x0000000020001064      0x5c0 ./Core/Src/main.o
                0x0000000020001064                main_logic_loopHandle
                0x0000000020001068                htim17
                0x00000000200010b4                ModbusDATA
                0x00000000200010d4                main_logic_loopControlBlock
                0x0000000020001190                modbus_h
                0x00000000200012d4                hadc1
                0x0000000020001338                huart1
                0x00000000200013c8                hdma_adc1
                0x0000000020001424                main_logic_loopBuffer
 COMMON         0x0000000020001624       0x4c ./Core/Src/stm32g0xx_hal_timebase_tim.o
                0x0000000020001624                htim1
 COMMON         0x0000000020001670        0x4 ./Drivers/STM32G0xx_HAL_Driver/stm32g0xx_hal.o
                0x0000000020001670                uwTick
 COMMON         0x0000000020001674       0x40 ./Middlewares/FreeRTOS/queue.o
                0x0000000020001674                xQueueRegistry
 COMMON         0x00000000200016b4        0x9 c:/st/stm32cubeide_1.6.1/stm32cubeide/plugins/com.st.stm32cube.ide.mcu.externaltools.gnu-tools-for-stm32.9-2020-q2-update.win32_2.0.0.202105311346/tools/bin/../lib/gcc/arm-none-eabi/9.3.1/../../../../arm-none-eabi/lib/thumb/v6-m/nofp\libc_nano.a(lib_a-lock.o)
                0x00000000200016b4                __lock___atexit_recursive_mutex
                0x00000000200016b5                __lock___arc4random_mutex
                0x00000000200016b6                __lock___env_recursive_mutex
                0x00000000200016b7                __lock___sinit_recursive_mutex
                0x00000000200016b8                __lock___malloc_recursive_mutex
                0x00000000200016b9                __lock___at_quick_exit_mutex
                0x00000000200016ba                __lock___dd_hash_mutex
                0x00000000200016bb                __lock___tz_mutex
                0x00000000200016bc                __lock___sfp_recursive_mutex
                0x00000000200016c0                . = ALIGN (0x4)
 *fill*         0x00000000200016bd        0x3 
                0x00000000200016c0                _ebss = .
                0x00000000200016c0                __bss_end__ = _ebss

._user_heap_stack
                0x00000000200016c0      0x600 load address 0x0000000008006428
                0x00000000200016c0                . = ALIGN (0x8)
                [!provide]                        PROVIDE (end = .)
                0x00000000200016c0                PROVIDE (_end = .)
                0x00000000200018c0                . = (. + _Min_Heap_Size)
 *fill*         0x00000000200016c0      0x200 
                0x0000000020001cc0                . = (. + _Min_Stack_Size)
 *fill*         0x00000000200018c0      0x400 
                0x0000000020001cc0                . = ALIGN (0x8)

/DISCARD/
 libc.a(*)
 libm.a(*)
 libgcc.a(*)

.ARM.attributes
                0x0000000000000000       0x28
 *(.ARM.attributes)
 .ARM.attributes
                0x0000000000000000       0x1e c:/st/stm32cubeide_1.6.1/stm32cubeide/plugins/com.st.stm32cube.ide.mcu.externaltools.gnu-tools-for-stm32.9-2020-q2-update.win32_2.0.0.202105311346/tools/bin/../lib/gcc/arm-none-eabi/9.3.1/thumb/v6-m/nofp/crti.o
 .ARM.attributes
                0x000000000000001e       0x2c c:/st/stm32cubeide_1.6.1/stm32cubeide/plugins/com.st.stm32cube.ide.mcu.externaltools.gnu-tools-for-stm32.9-2020-q2-update.win32_2.0.0.202105311346/tools/bin/../lib/gcc/arm-none-eabi/9.3.1/thumb/v6-m/nofp/crtbegin.o
 .ARM.attributes
                0x000000000000004a       0x32 ./Core/Src/app_freertos.o
 .ARM.attributes
                0x000000000000007c       0x2c ./Core/Src/main.o
 .ARM.attributes
                0x00000000000000a8       0x2c ./Core/Src/stm32g0xx_hal_msp.o
 .ARM.attributes
                0x00000000000000d4       0x2c ./Core/Src/stm32g0xx_hal_timebase_tim.o
 .ARM.attributes
                0x0000000000000100       0x2c ./Core/Src/stm32g0xx_it.o
 .ARM.attributes
                0x000000000000012c       0x2c ./Core/Src/system_stm32g0xx.o
 .ARM.attributes
                0x0000000000000158       0x22 ./Core/Startup/startup_stm32g041k8ux.o
 .ARM.attributes
                0x000000000000017a       0x2c ./Drivers/STM32G0xx_HAL_Driver/stm32g0xx_hal.o
 .ARM.attributes
                0x00000000000001a6       0x2c ./Drivers/STM32G0xx_HAL_Driver/stm32g0xx_hal_adc.o
 .ARM.attributes
                0x00000000000001d2       0x2c ./Drivers/STM32G0xx_HAL_Driver/stm32g0xx_hal_cortex.o
 .ARM.attributes
                0x00000000000001fe       0x2c ./Drivers/STM32G0xx_HAL_Driver/stm32g0xx_hal_dma.o
 .ARM.attributes
                0x000000000000022a       0x2c ./Drivers/STM32G0xx_HAL_Driver/stm32g0xx_hal_gpio.o
 .ARM.attributes
                0x0000000000000256       0x2c ./Drivers/STM32G0xx_HAL_Driver/stm32g0xx_hal_pwr_ex.o
 .ARM.attributes
                0x0000000000000282       0x2c ./Drivers/STM32G0xx_HAL_Driver/stm32g0xx_hal_rcc.o
 .ARM.attributes
                0x00000000000002ae       0x2c ./Drivers/STM32G0xx_HAL_Driver/stm32g0xx_hal_rcc_ex.o
 .ARM.attributes
                0x00000000000002da       0x2c ./Drivers/STM32G0xx_HAL_Driver/stm32g0xx_hal_tim.o
 .ARM.attributes
                0x0000000000000306       0x2c ./Drivers/STM32G0xx_HAL_Driver/stm32g0xx_hal_tim_ex.o
 .ARM.attributes
                0x0000000000000332       0x2c ./Drivers/STM32G0xx_HAL_Driver/stm32g0xx_hal_uart.o
 .ARM.attributes
                0x000000000000035e       0x2c ./Drivers/STM32G0xx_HAL_Driver/stm32g0xx_hal_uart_ex.o
 .ARM.attributes
                0x000000000000038a       0x2c ./MODBUS-LIB/Src/Modbus.o
 .ARM.attributes
                0x00000000000003b6       0x2c ./MODBUS-LIB/Src/UARTCallback.o
 .ARM.attributes
                0x00000000000003e2       0x2c ./Middlewares/FreeRTOS/cmsis_os2.o
 .ARM.attributes
                0x000000000000040e       0x2c ./Middlewares/FreeRTOS/heap_4.o
 .ARM.attributes
                0x000000000000043a       0x2c ./Middlewares/FreeRTOS/list.o
 .ARM.attributes
                0x0000000000000466       0x2c ./Middlewares/FreeRTOS/port.o
 .ARM.attributes
                0x0000000000000492       0x2c ./Middlewares/FreeRTOS/queue.o
 .ARM.attributes
                0x00000000000004be       0x2c ./Middlewares/FreeRTOS/tasks.o
 .ARM.attributes
                0x00000000000004ea       0x2c ./Middlewares/FreeRTOS/timers.o
 .ARM.attributes
                0x0000000000000516       0x2c c:/st/stm32cubeide_1.6.1/stm32cubeide/plugins/com.st.stm32cube.ide.mcu.externaltools.gnu-tools-for-stm32.9-2020-q2-update.win32_2.0.0.202105311346/tools/bin/../lib/gcc/arm-none-eabi/9.3.1/../../../../arm-none-eabi/lib/thumb/v6-m/nofp\libc_nano.a(lib_a-findfp.o)
 .ARM.attributes
                0x0000000000000542       0x2c c:/st/stm32cubeide_1.6.1/stm32cubeide/plugins/com.st.stm32cube.ide.mcu.externaltools.gnu-tools-for-stm32.9-2020-q2-update.win32_2.0.0.202105311346/tools/bin/../lib/gcc/arm-none-eabi/9.3.1/../../../../arm-none-eabi/lib/thumb/v6-m/nofp\libc_nano.a(lib_a-impure.o)
 .ARM.attributes
                0x000000000000056e       0x2c c:/st/stm32cubeide_1.6.1/stm32cubeide/plugins/com.st.stm32cube.ide.mcu.externaltools.gnu-tools-for-stm32.9-2020-q2-update.win32_2.0.0.202105311346/tools/bin/../lib/gcc/arm-none-eabi/9.3.1/../../../../arm-none-eabi/lib/thumb/v6-m/nofp\libc_nano.a(lib_a-init.o)
 .ARM.attributes
                0x000000000000059a       0x2c c:/st/stm32cubeide_1.6.1/stm32cubeide/plugins/com.st.stm32cube.ide.mcu.externaltools.gnu-tools-for-stm32.9-2020-q2-update.win32_2.0.0.202105311346/tools/bin/../lib/gcc/arm-none-eabi/9.3.1/../../../../arm-none-eabi/lib/thumb/v6-m/nofp\libc_nano.a(lib_a-lock.o)
 .ARM.attributes
                0x00000000000005c6       0x2c c:/st/stm32cubeide_1.6.1/stm32cubeide/plugins/com.st.stm32cube.ide.mcu.externaltools.gnu-tools-for-stm32.9-2020-q2-update.win32_2.0.0.202105311346/tools/bin/../lib/gcc/arm-none-eabi/9.3.1/../../../../arm-none-eabi/lib/thumb/v6-m/nofp\libc_nano.a(lib_a-memcpy-stub.o)
 .ARM.attributes
                0x00000000000005f2       0x2c c:/st/stm32cubeide_1.6.1/stm32cubeide/plugins/com.st.stm32cube.ide.mcu.externaltools.gnu-tools-for-stm32.9-2020-q2-update.win32_2.0.0.202105311346/tools/bin/../lib/gcc/arm-none-eabi/9.3.1/../../../../arm-none-eabi/lib/thumb/v6-m/nofp\libc_nano.a(lib_a-memset.o)
 .ARM.attributes
                0x000000000000061e       0x2c c:/st/stm32cubeide_1.6.1/stm32cubeide/plugins/com.st.stm32cube.ide.mcu.externaltools.gnu-tools-for-stm32.9-2020-q2-update.win32_2.0.0.202105311346/tools/bin/../lib/gcc/arm-none-eabi/9.3.1/../../../../arm-none-eabi/lib/thumb/v6-m/nofp\libc_nano.a(lib_a-nano-mallocr.o)
 .ARM.attributes
                0x000000000000064a       0x2c c:/st/stm32cubeide_1.6.1/stm32cubeide/plugins/com.st.stm32cube.ide.mcu.externaltools.gnu-tools-for-stm32.9-2020-q2-update.win32_2.0.0.202105311346/tools/bin/../lib/gcc/arm-none-eabi/9.3.1/../../../../arm-none-eabi/lib/thumb/v6-m/nofp\libc_nano.a(lib_a-reent.o)
 .ARM.attributes
                0x0000000000000676       0x2c c:/st/stm32cubeide_1.6.1/stm32cubeide/plugins/com.st.stm32cube.ide.mcu.externaltools.gnu-tools-for-stm32.9-2020-q2-update.win32_2.0.0.202105311346/tools/bin/../lib/gcc/arm-none-eabi/9.3.1/../../../../arm-none-eabi/lib/thumb/v6-m/nofp\libc_nano.a(lib_a-mlock.o)
 .ARM.attributes
                0x00000000000006a2       0x2c c:/st/stm32cubeide_1.6.1/stm32cubeide/plugins/com.st.stm32cube.ide.mcu.externaltools.gnu-tools-for-stm32.9-2020-q2-update.win32_2.0.0.202105311346/tools/bin/../lib/gcc/arm-none-eabi/9.3.1/../../../../arm-none-eabi/lib/thumb/v6-m/nofp\libc_nano.a(lib_a-nano-freer.o)
 .ARM.attributes
                0x00000000000006ce       0x1e c:/st/stm32cubeide_1.6.1/stm32cubeide/plugins/com.st.stm32cube.ide.mcu.externaltools.gnu-tools-for-stm32.9-2020-q2-update.win32_2.0.0.202105311346/tools/bin/../lib/gcc/arm-none-eabi/9.3.1/thumb/v6-m/nofp\libgcc.a(_thumb1_case_sqi.o)
 .ARM.attributes
                0x00000000000006ec       0x1e c:/st/stm32cubeide_1.6.1/stm32cubeide/plugins/com.st.stm32cube.ide.mcu.externaltools.gnu-tools-for-stm32.9-2020-q2-update.win32_2.0.0.202105311346/tools/bin/../lib/gcc/arm-none-eabi/9.3.1/thumb/v6-m/nofp\libgcc.a(_thumb1_case_uqi.o)
 .ARM.attributes
                0x000000000000070a       0x1e c:/st/stm32cubeide_1.6.1/stm32cubeide/plugins/com.st.stm32cube.ide.mcu.externaltools.gnu-tools-for-stm32.9-2020-q2-update.win32_2.0.0.202105311346/tools/bin/../lib/gcc/arm-none-eabi/9.3.1/thumb/v6-m/nofp\libgcc.a(_thumb1_case_shi.o)
 .ARM.attributes
                0x0000000000000728       0x1e c:/st/stm32cubeide_1.6.1/stm32cubeide/plugins/com.st.stm32cube.ide.mcu.externaltools.gnu-tools-for-stm32.9-2020-q2-update.win32_2.0.0.202105311346/tools/bin/../lib/gcc/arm-none-eabi/9.3.1/thumb/v6-m/nofp\libgcc.a(_thumb1_case_uhi.o)
 .ARM.attributes
                0x0000000000000746       0x1e c:/st/stm32cubeide_1.6.1/stm32cubeide/plugins/com.st.stm32cube.ide.mcu.externaltools.gnu-tools-for-stm32.9-2020-q2-update.win32_2.0.0.202105311346/tools/bin/../lib/gcc/arm-none-eabi/9.3.1/thumb/v6-m/nofp\libgcc.a(_udivsi3.o)
 .ARM.attributes
                0x0000000000000764       0x1e c:/st/stm32cubeide_1.6.1/stm32cubeide/plugins/com.st.stm32cube.ide.mcu.externaltools.gnu-tools-for-stm32.9-2020-q2-update.win32_2.0.0.202105311346/tools/bin/../lib/gcc/arm-none-eabi/9.3.1/thumb/v6-m/nofp\libgcc.a(_divsi3.o)
 .ARM.attributes
                0x0000000000000782       0x1e c:/st/stm32cubeide_1.6.1/stm32cubeide/plugins/com.st.stm32cube.ide.mcu.externaltools.gnu-tools-for-stm32.9-2020-q2-update.win32_2.0.0.202105311346/tools/bin/../lib/gcc/arm-none-eabi/9.3.1/thumb/v6-m/nofp\libgcc.a(_dvmd_tls.o)
 .ARM.attributes
                0x00000000000007a0       0x1e c:/st/stm32cubeide_1.6.1/stm32cubeide/plugins/com.st.stm32cube.ide.mcu.externaltools.gnu-tools-for-stm32.9-2020-q2-update.win32_2.0.0.202105311346/tools/bin/../lib/gcc/arm-none-eabi/9.3.1/thumb/v6-m/nofp\libgcc.a(_aeabi_uldivmod.o)
 .ARM.attributes
                0x00000000000007be       0x2c c:/st/stm32cubeide_1.6.1/stm32cubeide/plugins/com.st.stm32cube.ide.mcu.externaltools.gnu-tools-for-stm32.9-2020-q2-update.win32_2.0.0.202105311346/tools/bin/../lib/gcc/arm-none-eabi/9.3.1/thumb/v6-m/nofp\libgcc.a(_udivmoddi4.o)
 .ARM.attributes
                0x00000000000007ea       0x1e c:/st/stm32cubeide_1.6.1/stm32cubeide/plugins/com.st.stm32cube.ide.mcu.externaltools.gnu-tools-for-stm32.9-2020-q2-update.win32_2.0.0.202105311346/tools/bin/../lib/gcc/arm-none-eabi/9.3.1/thumb/v6-m/nofp\libgcc.a(_clzdi2.o)
 .ARM.attributes
                0x0000000000000808       0x1e c:/st/stm32cubeide_1.6.1/stm32cubeide/plugins/com.st.stm32cube.ide.mcu.externaltools.gnu-tools-for-stm32.9-2020-q2-update.win32_2.0.0.202105311346/tools/bin/../lib/gcc/arm-none-eabi/9.3.1/thumb/v6-m/nofp\libgcc.a(_clzsi2.o)
 .ARM.attributes
                0x0000000000000826       0x1e c:/st/stm32cubeide_1.6.1/stm32cubeide/plugins/com.st.stm32cube.ide.mcu.externaltools.gnu-tools-for-stm32.9-2020-q2-update.win32_2.0.0.202105311346/tools/bin/../lib/gcc/arm-none-eabi/9.3.1/thumb/v6-m/nofp/crtn.o
OUTPUT(Minirys_RTOS.elf elf32-littlearm)
LOAD linker stubs
LOAD c:/st/stm32cubeide_1.6.1/stm32cubeide/plugins/com.st.stm32cube.ide.mcu.externaltools.gnu-tools-for-stm32.9-2020-q2-update.win32_2.0.0.202105311346/tools/bin/../lib/gcc/arm-none-eabi/9.3.1/../../../../arm-none-eabi/lib/thumb/v6-m/nofp\libc.a
LOAD c:/st/stm32cubeide_1.6.1/stm32cubeide/plugins/com.st.stm32cube.ide.mcu.externaltools.gnu-tools-for-stm32.9-2020-q2-update.win32_2.0.0.202105311346/tools/bin/../lib/gcc/arm-none-eabi/9.3.1/../../../../arm-none-eabi/lib/thumb/v6-m/nofp\libm.a
LOAD c:/st/stm32cubeide_1.6.1/stm32cubeide/plugins/com.st.stm32cube.ide.mcu.externaltools.gnu-tools-for-stm32.9-2020-q2-update.win32_2.0.0.202105311346/tools/bin/../lib/gcc/arm-none-eabi/9.3.1/thumb/v6-m/nofp\libgcc.a

.debug_info     0x0000000000000000    0x3246c
 .debug_info    0x0000000000000000     0x152a ./Core/Src/app_freertos.o
 .debug_info    0x000000000000152a     0x307a ./Core/Src/main.o
 .debug_info    0x00000000000045a4     0x22c7 ./Core/Src/stm32g0xx_hal_msp.o
 .debug_info    0x000000000000686b      0xd59 ./Core/Src/stm32g0xx_hal_timebase_tim.o
 .debug_info    0x00000000000075c4     0x19bb ./Core/Src/stm32g0xx_it.o
 .debug_info    0x0000000000008f7f      0x4a9 ./Core/Src/system_stm32g0xx.o
 .debug_info    0x0000000000009428       0x22 ./Core/Startup/startup_stm32g041k8ux.o
 .debug_info    0x000000000000944a      0xc8a ./Drivers/STM32G0xx_HAL_Driver/stm32g0xx_hal.o
 .debug_info    0x000000000000a0d4     0x2250 ./Drivers/STM32G0xx_HAL_Driver/stm32g0xx_hal_adc.o
 .debug_info    0x000000000000c324      0xc48 ./Drivers/STM32G0xx_HAL_Driver/stm32g0xx_hal_cortex.o
 .debug_info    0x000000000000cf6c      0xbb5 ./Drivers/STM32G0xx_HAL_Driver/stm32g0xx_hal_dma.o
 .debug_info    0x000000000000db21      0x7b0 ./Drivers/STM32G0xx_HAL_Driver/stm32g0xx_hal_gpio.o
 .debug_info    0x000000000000e2d1      0x9ad ./Drivers/STM32G0xx_HAL_Driver/stm32g0xx_hal_pwr_ex.o
 .debug_info    0x000000000000ec7e      0xee0 ./Drivers/STM32G0xx_HAL_Driver/stm32g0xx_hal_rcc.o
 .debug_info    0x000000000000fb5e      0xa72 ./Drivers/STM32G0xx_HAL_Driver/stm32g0xx_hal_rcc_ex.o
 .debug_info    0x00000000000105d0     0x43b2 ./Drivers/STM32G0xx_HAL_Driver/stm32g0xx_hal_tim.o
 .debug_info    0x0000000000014982     0x1df3 ./Drivers/STM32G0xx_HAL_Driver/stm32g0xx_hal_tim_ex.o
 .debug_info    0x0000000000016775     0x5ed9 ./Drivers/STM32G0xx_HAL_Driver/stm32g0xx_hal_uart.o
 .debug_info    0x000000000001c64e     0x1386 ./Drivers/STM32G0xx_HAL_Driver/stm32g0xx_hal_uart_ex.o
 .debug_info    0x000000000001d9d4     0x3576 ./MODBUS-LIB/Src/Modbus.o
 .debug_info    0x0000000000020f4a     0x16aa ./MODBUS-LIB/Src/UARTCallback.o
 .debug_info    0x00000000000225f4     0x5149 ./Middlewares/FreeRTOS/cmsis_os2.o
 .debug_info    0x000000000002773d      0xe03 ./Middlewares/FreeRTOS/heap_4.o
 .debug_info    0x0000000000028540      0xb95 ./Middlewares/FreeRTOS/list.o
 .debug_info    0x00000000000290d5      0xb98 ./Middlewares/FreeRTOS/port.o
 .debug_info    0x0000000000029c6d     0x2d75 ./Middlewares/FreeRTOS/queue.o
 .debug_info    0x000000000002c9e2     0x3781 ./Middlewares/FreeRTOS/tasks.o
 .debug_info    0x0000000000030163     0x2309 ./Middlewares/FreeRTOS/timers.o

.debug_abbrev   0x0000000000000000     0x56ea
 .debug_abbrev  0x0000000000000000      0x1f9 ./Core/Src/app_freertos.o
 .debug_abbrev  0x00000000000001f9      0x415 ./Core/Src/main.o
 .debug_abbrev  0x000000000000060e      0x30a ./Core/Src/stm32g0xx_hal_msp.o
 .debug_abbrev  0x0000000000000918      0x24f ./Core/Src/stm32g0xx_hal_timebase_tim.o
 .debug_abbrev  0x0000000000000b67      0x264 ./Core/Src/stm32g0xx_it.o
 .debug_abbrev  0x0000000000000dcb      0x17c ./Core/Src/system_stm32g0xx.o
 .debug_abbrev  0x0000000000000f47       0x12 ./Core/Startup/startup_stm32g041k8ux.o
 .debug_abbrev  0x0000000000000f59      0x30f ./Drivers/STM32G0xx_HAL_Driver/stm32g0xx_hal.o
 .debug_abbrev  0x0000000000001268      0x3b5 ./Drivers/STM32G0xx_HAL_Driver/stm32g0xx_hal_adc.o
 .debug_abbrev  0x000000000000161d      0x2d8 ./Drivers/STM32G0xx_HAL_Driver/stm32g0xx_hal_cortex.o
 .debug_abbrev  0x00000000000018f5      0x2c4 ./Drivers/STM32G0xx_HAL_Driver/stm32g0xx_hal_dma.o
 .debug_abbrev  0x0000000000001bb9      0x276 ./Drivers/STM32G0xx_HAL_Driver/stm32g0xx_hal_gpio.o
 .debug_abbrev  0x0000000000001e2f      0x29a ./Drivers/STM32G0xx_HAL_Driver/stm32g0xx_hal_pwr_ex.o
 .debug_abbrev  0x00000000000020c9      0x332 ./Drivers/STM32G0xx_HAL_Driver/stm32g0xx_hal_rcc.o
 .debug_abbrev  0x00000000000023fb      0x273 ./Drivers/STM32G0xx_HAL_Driver/stm32g0xx_hal_rcc_ex.o
 .debug_abbrev  0x000000000000266e      0x39f ./Drivers/STM32G0xx_HAL_Driver/stm32g0xx_hal_tim.o
 .debug_abbrev  0x0000000000002a0d      0x309 ./Drivers/STM32G0xx_HAL_Driver/stm32g0xx_hal_tim_ex.o
 .debug_abbrev  0x0000000000002d16      0x404 ./Drivers/STM32G0xx_HAL_Driver/stm32g0xx_hal_uart.o
 .debug_abbrev  0x000000000000311a      0x35c ./Drivers/STM32G0xx_HAL_Driver/stm32g0xx_hal_uart_ex.o
 .debug_abbrev  0x0000000000003476      0x54a ./MODBUS-LIB/Src/Modbus.o
 .debug_abbrev  0x00000000000039c0      0x2a7 ./MODBUS-LIB/Src/UARTCallback.o
 .debug_abbrev  0x0000000000003c67      0x53e ./Middlewares/FreeRTOS/cmsis_os2.o
 .debug_abbrev  0x00000000000041a5      0x337 ./Middlewares/FreeRTOS/heap_4.o
 .debug_abbrev  0x00000000000044dc      0x20e ./Middlewares/FreeRTOS/list.o
 .debug_abbrev  0x00000000000046ea      0x2e7 ./Middlewares/FreeRTOS/port.o
 .debug_abbrev  0x00000000000049d1      0x452 ./Middlewares/FreeRTOS/queue.o
 .debug_abbrev  0x0000000000004e23      0x4ad ./Middlewares/FreeRTOS/tasks.o
 .debug_abbrev  0x00000000000052d0      0x41a ./Middlewares/FreeRTOS/timers.o

.debug_aranges  0x0000000000000000     0x1520
 .debug_aranges
                0x0000000000000000       0x18 ./Core/Src/app_freertos.o
 .debug_aranges
                0x0000000000000018       0x40 ./Core/Src/main.o
 .debug_aranges
                0x0000000000000058       0x50 ./Core/Src/stm32g0xx_hal_msp.o
 .debug_aranges
                0x00000000000000a8       0x30 ./Core/Src/stm32g0xx_hal_timebase_tim.o
 .debug_aranges
                0x00000000000000d8       0x40 ./Core/Src/stm32g0xx_it.o
 .debug_aranges
                0x0000000000000118       0x28 ./Core/Src/system_stm32g0xx.o
 .debug_aranges
                0x0000000000000140       0x28 ./Core/Startup/startup_stm32g041k8ux.o
 .debug_aranges
                0x0000000000000168      0x120 ./Drivers/STM32G0xx_HAL_Driver/stm32g0xx_hal.o
 .debug_aranges
                0x0000000000000288       0xe0 ./Drivers/STM32G0xx_HAL_Driver/stm32g0xx_hal_adc.o
 .debug_aranges
                0x0000000000000368       0x90 ./Drivers/STM32G0xx_HAL_Driver/stm32g0xx_hal_cortex.o
 .debug_aranges
                0x00000000000003f8       0x88 ./Drivers/STM32G0xx_HAL_Driver/stm32g0xx_hal_dma.o
 .debug_aranges
                0x0000000000000480       0x58 ./Drivers/STM32G0xx_HAL_Driver/stm32g0xx_hal_gpio.o
 .debug_aranges
                0x00000000000004d8       0xe8 ./Drivers/STM32G0xx_HAL_Driver/stm32g0xx_hal_pwr_ex.o
 .debug_aranges
                0x00000000000005c0       0x90 ./Drivers/STM32G0xx_HAL_Driver/stm32g0xx_hal_rcc.o
 .debug_aranges
                0x0000000000000650       0x40 ./Drivers/STM32G0xx_HAL_Driver/stm32g0xx_hal_rcc_ex.o
 .debug_aranges
                0x0000000000000690      0x2a8 ./Drivers/STM32G0xx_HAL_Driver/stm32g0xx_hal_tim.o
 .debug_aranges
                0x0000000000000938      0x140 ./Drivers/STM32G0xx_HAL_Driver/stm32g0xx_hal_tim_ex.o
 .debug_aranges
                0x0000000000000a78      0x210 ./Drivers/STM32G0xx_HAL_Driver/stm32g0xx_hal_uart.o
 .debug_aranges
                0x0000000000000c88       0x88 ./Drivers/STM32G0xx_HAL_Driver/stm32g0xx_hal_uart_ex.o
 .debug_aranges
                0x0000000000000d10       0x98 ./MODBUS-LIB/Src/Modbus.o
 .debug_aranges
                0x0000000000000da8       0x28 ./MODBUS-LIB/Src/UARTCallback.o
 .debug_aranges
                0x0000000000000dd0      0x260 ./Middlewares/FreeRTOS/cmsis_os2.o
 .debug_aranges
                0x0000000000001030       0x50 ./Middlewares/FreeRTOS/heap_4.o
 .debug_aranges
                0x0000000000001080       0x40 ./Middlewares/FreeRTOS/list.o
 .debug_aranges
                0x00000000000010c0       0x88 ./Middlewares/FreeRTOS/port.o
 .debug_aranges
                0x0000000000001148      0x138 ./Middlewares/FreeRTOS/queue.o
 .debug_aranges
                0x0000000000001280      0x1e0 ./Middlewares/FreeRTOS/tasks.o
 .debug_aranges
                0x0000000000001460       0xc0 ./Middlewares/FreeRTOS/timers.o

.debug_macro    0x0000000000000000    0x1b2b4
 .debug_macro   0x0000000000000000      0x396 ./Core/Src/app_freertos.o
 .debug_macro   0x0000000000000396      0xa8a ./Core/Src/app_freertos.o
 .debug_macro   0x0000000000000e20      0x174 ./Core/Src/app_freertos.o
 .debug_macro   0x0000000000000f94       0x22 ./Core/Src/app_freertos.o
 .debug_macro   0x0000000000000fb6       0x8e ./Core/Src/app_freertos.o
 .debug_macro   0x0000000000001044       0x51 ./Core/Src/app_freertos.o
 .debug_macro   0x0000000000001095      0x103 ./Core/Src/app_freertos.o
 .debug_macro   0x0000000000001198       0x6a ./Core/Src/app_freertos.o
 .debug_macro   0x0000000000001202      0x1df ./Core/Src/app_freertos.o
 .debug_macro   0x00000000000013e1      0x146 ./Core/Src/app_freertos.o
 .debug_macro   0x0000000000001527      0x15a ./Core/Src/app_freertos.o
 .debug_macro   0x0000000000001681       0xb2 ./Core/Src/app_freertos.o
 .debug_macro   0x0000000000001733       0x1c ./Core/Src/app_freertos.o
 .debug_macro   0x000000000000174f       0x26 ./Core/Src/app_freertos.o
 .debug_macro   0x0000000000001775       0x52 ./Core/Src/app_freertos.o
 .debug_macro   0x00000000000017c7       0x18 ./Core/Src/app_freertos.o
 .debug_macro   0x00000000000017df       0x3c ./Core/Src/app_freertos.o
 .debug_macro   0x000000000000181b       0x34 ./Core/Src/app_freertos.o
 .debug_macro   0x000000000000184f       0x16 ./Core/Src/app_freertos.o
 .debug_macro   0x0000000000001865       0x43 ./Core/Src/app_freertos.o
 .debug_macro   0x00000000000018a8       0x34 ./Core/Src/app_freertos.o
 .debug_macro   0x00000000000018dc       0x10 ./Core/Src/app_freertos.o
 .debug_macro   0x00000000000018ec       0x58 ./Core/Src/app_freertos.o
 .debug_macro   0x0000000000001944       0x71 ./Core/Src/app_freertos.o
 .debug_macro   0x00000000000019b5       0x1c ./Core/Src/app_freertos.o
 .debug_macro   0x00000000000019d1      0x12a ./Core/Src/app_freertos.o
 .debug_macro   0x0000000000001afb       0x10 ./Core/Src/app_freertos.o
 .debug_macro   0x0000000000001b0b       0x35 ./Core/Src/app_freertos.o
 .debug_macro   0x0000000000001b40      0x4c6 ./Core/Src/app_freertos.o
 .debug_macro   0x0000000000002006       0xb5 ./Core/Src/app_freertos.o
 .debug_macro   0x00000000000020bb       0xaa ./Core/Src/app_freertos.o
 .debug_macro   0x0000000000002165      0x123 ./Core/Src/app_freertos.o
 .debug_macro   0x0000000000002288       0x2e ./Core/Src/app_freertos.o
 .debug_macro   0x00000000000022b6       0x28 ./Core/Src/app_freertos.o
 .debug_macro   0x00000000000022de       0x1c ./Core/Src/app_freertos.o
 .debug_macro   0x00000000000022fa       0x22 ./Core/Src/app_freertos.o
 .debug_macro   0x000000000000231c       0xd7 ./Core/Src/app_freertos.o
 .debug_macro   0x00000000000023f3      0x4da ./Core/Src/app_freertos.o
 .debug_macro   0x00000000000028cd      0x11f ./Core/Src/app_freertos.o
 .debug_macro   0x00000000000029ec     0xaf20 ./Core/Src/app_freertos.o
 .debug_macro   0x000000000000d90c       0x66 ./Core/Src/app_freertos.o
 .debug_macro   0x000000000000d972     0x34e5 ./Core/Src/app_freertos.o
 .debug_macro   0x0000000000010e57       0x5c ./Core/Src/app_freertos.o
 .debug_macro   0x0000000000010eb3      0x588 ./Core/Src/app_freertos.o
 .debug_macro   0x000000000001143b      0xfb0 ./Core/Src/app_freertos.o
 .debug_macro   0x00000000000123eb      0x241 ./Core/Src/app_freertos.o
 .debug_macro   0x000000000001262c      0x1d0 ./Core/Src/app_freertos.o
 .debug_macro   0x00000000000127fc      0x122 ./Core/Src/app_freertos.o
 .debug_macro   0x000000000001291e      0x39e ./Core/Src/app_freertos.o
 .debug_macro   0x0000000000012cbc      0x202 ./Core/Src/app_freertos.o
 .debug_macro   0x0000000000012ebe      0x30d ./Core/Src/app_freertos.o
 .debug_macro   0x00000000000131cb      0x1b2 ./Core/Src/app_freertos.o
 .debug_macro   0x000000000001337d       0x43 ./Core/Src/app_freertos.o
 .debug_macro   0x00000000000133c0      0x1f1 ./Core/Src/app_freertos.o
 .debug_macro   0x00000000000135b1      0x8a2 ./Core/Src/app_freertos.o
 .debug_macro   0x0000000000013e53      0x5b4 ./Core/Src/app_freertos.o
 .debug_macro   0x0000000000014407       0x2e ./Core/Src/app_freertos.o
 .debug_macro   0x0000000000014435      0x1d7 ./Core/Src/app_freertos.o
 .debug_macro   0x000000000001460c      0x38a ./Core/Src/app_freertos.o
 .debug_macro   0x0000000000014996       0x28 ./Core/Src/app_freertos.o
 .debug_macro   0x00000000000149be       0xe4 ./Core/Src/app_freertos.o
 .debug_macro   0x0000000000014aa2      0x10c ./Core/Src/app_freertos.o
 .debug_macro   0x0000000000014bae      0x240 ./Core/Src/app_freertos.o
 .debug_macro   0x0000000000014dee      0xa9f ./Core/Src/app_freertos.o
 .debug_macro   0x000000000001588d      0x135 ./Core/Src/app_freertos.o
 .debug_macro   0x00000000000159c2      0x67e ./Core/Src/app_freertos.o
 .debug_macro   0x0000000000016040       0xa6 ./Core/Src/app_freertos.o
 .debug_macro   0x00000000000160e6      0x4ab ./Core/Src/app_freertos.o
 .debug_macro   0x0000000000016591       0x22 ./Core/Src/app_freertos.o
 .debug_macro   0x00000000000165b3       0x10 ./Core/Src/app_freertos.o
 .debug_macro   0x00000000000165c3      0x460 ./Core/Src/app_freertos.o
 .debug_macro   0x0000000000016a23       0x22 ./Core/Src/app_freertos.o
 .debug_macro   0x0000000000016a45       0x6c ./Core/Src/app_freertos.o
 .debug_macro   0x0000000000016ab1       0x74 ./Core/Src/app_freertos.o
 .debug_macro   0x0000000000016b25       0xdd ./Core/Src/app_freertos.o
 .debug_macro   0x0000000000016c02       0x87 ./Core/Src/app_freertos.o
 .debug_macro   0x0000000000016c89       0x97 ./Core/Src/app_freertos.o
 .debug_macro   0x0000000000016d20       0xf4 ./Core/Src/app_freertos.o
 .debug_macro   0x0000000000016e14      0x3b0 ./Core/Src/main.o
 .debug_macro   0x00000000000171c4       0x3a ./Core/Src/main.o
 .debug_macro   0x00000000000171fe       0x66 ./Core/Src/main.o
 .debug_macro   0x0000000000017264       0x9a ./Core/Src/main.o
 .debug_macro   0x00000000000172fe      0x39d ./Core/Src/stm32g0xx_hal_msp.o
 .debug_macro   0x000000000001769b      0x207 ./Core/Src/stm32g0xx_hal_timebase_tim.o
 .debug_macro   0x00000000000178a2      0x3a7 ./Core/Src/stm32g0xx_it.o
 .debug_macro   0x0000000000017c49      0x207 ./Core/Src/system_stm32g0xx.o
 .debug_macro   0x0000000000017e50      0x22b ./Drivers/STM32G0xx_HAL_Driver/stm32g0xx_hal.o
 .debug_macro   0x000000000001807b      0x22b ./Drivers/STM32G0xx_HAL_Driver/stm32g0xx_hal_adc.o
 .debug_macro   0x00000000000182a6      0x207 ./Drivers/STM32G0xx_HAL_Driver/stm32g0xx_hal_cortex.o
 .debug_macro   0x00000000000184ad      0x207 ./Drivers/STM32G0xx_HAL_Driver/stm32g0xx_hal_dma.o
 .debug_macro   0x00000000000186b4      0x20e ./Drivers/STM32G0xx_HAL_Driver/stm32g0xx_hal_gpio.o
 .debug_macro   0x00000000000188c2      0x231 ./Drivers/STM32G0xx_HAL_Driver/stm32g0xx_hal_pwr_ex.o
 .debug_macro   0x0000000000018af3      0x243 ./Drivers/STM32G0xx_HAL_Driver/stm32g0xx_hal_rcc.o
 .debug_macro   0x0000000000018d36      0x21f ./Drivers/STM32G0xx_HAL_Driver/stm32g0xx_hal_rcc_ex.o
 .debug_macro   0x0000000000018f55      0x20f ./Drivers/STM32G0xx_HAL_Driver/stm32g0xx_hal_tim.o
 .debug_macro   0x0000000000019164      0x20d ./Drivers/STM32G0xx_HAL_Driver/stm32g0xx_hal_tim_ex.o
 .debug_macro   0x0000000000019371      0x232 ./Drivers/STM32G0xx_HAL_Driver/stm32g0xx_hal_uart.o
 .debug_macro   0x00000000000195a3      0x213 ./Drivers/STM32G0xx_HAL_Driver/stm32g0xx_hal_uart_ex.o
 .debug_macro   0x00000000000197b6      0x3d2 ./MODBUS-LIB/Src/Modbus.o
 .debug_macro   0x0000000000019b88       0x10 ./MODBUS-LIB/Src/Modbus.o
 .debug_macro   0x0000000000019b98       0xd1 ./MODBUS-LIB/Src/Modbus.o