main.c:587:6:modbus_init_task	8	static
temperature_state_machine.h:53:6:TSM_Runtime	0	static
minirysboard_state_machine_utils.h:83:6:MSM_DataCopy	8	static
main.c:551:6:main_logic_setup	16	static
minirysboard_state_machine_utils.h:96:5:MSM_CheckAnalogSensors	0	static
minirysboard_state_machine_utils.h:106:6:MSM_EmergencyShutdown	16	static
minirysboard_state_machine_utils.h:119:6:MSM_Normal_Shutdown	16	static
minirysboard_state_machine_utils.h:145:6:MSM_PreflightCheck	32	static
msm_runtime.h:64:6:MSM_Runtime	8	static
IO_check.h:15:6:TEST_IO	16	static
IO_check.h:92:6:Analog_Only	24	static
main.c:214:6:SystemClock_Config	128	static,ignoring_inline_asm
main.c:101:5:main	64	static,ignoring_inline_asm
main.c:610:6:HAL_TIM_PeriodElapsedCallback	8	static
main.c:627:6:Error_Handler	0	static,ignoring_inline_asm
