Modbus.c:317:6:vTimerCallbackT35	24	static
Modbus.c:336:6:vTimerCallbackTimeout	16	static
Modbus.c:81:6:RingAdd	8	static
Modbus.c:102:9:RingGetNBytes	32	static
Modbus.c:97:9:RingGetAllBytes	8	static
Modbus.c:823:8:getRxBuffer	16	static
Modbus.c:118:9:RingCountBytes	0	static
Modbus.c:123:6:RingClear	0	static
Modbus.c:170:6:ModbusInit	32	static
Modbus.c:264:6:ModbusStart	8	static
Modbus.c:470:6:ModbusQuery	8	static
Modbus.c:485:6:ModbusQueryInject	8	static
Modbus.c:943:10:calcCRC	20	static
Modbus.c:1002:6:sendTxBuffer	32	static
Modbus.c:353:6:StartTaskModbusSlave	104	static
Modbus.c:612:6:StartTaskModbusMaster	80	static
